Component: ARM Compiler 5.06 update 3 (build 300) Tool: armlink [4d35c9]

==============================================================================

Section Cross References

    startup_stm32f103xb.o(RESET) refers to startup_stm32f103xb.o(STACK) for __initial_sp
    startup_stm32f103xb.o(RESET) refers to startup_stm32f103xb.o(.text) for Reset_Handler
    startup_stm32f103xb.o(RESET) refers to stm32f1xx_it.o(i.NMI_Handler) for NMI_Handler
    startup_stm32f103xb.o(RESET) refers to stm32f1xx_it.o(i.HardFault_Handler) for HardFault_Handler
    startup_stm32f103xb.o(RESET) refers to stm32f1xx_it.o(i.MemManage_Handler) for MemManage_Handler
    startup_stm32f103xb.o(RESET) refers to stm32f1xx_it.o(i.BusFault_Handler) for BusFault_Handler
    startup_stm32f103xb.o(RESET) refers to stm32f1xx_it.o(i.UsageFault_Handler) for UsageFault_Handler
    startup_stm32f103xb.o(RESET) refers to stm32f1xx_it.o(i.SVC_Handler) for SVC_Handler
    startup_stm32f103xb.o(RESET) refers to stm32f1xx_it.o(i.DebugMon_Handler) for DebugMon_Handler
    startup_stm32f103xb.o(RESET) refers to los_dispatch_keil.o(.text) for PendSV_Handler
    startup_stm32f103xb.o(RESET) refers to los_hwi.o(i.SysTick_Handler) for SysTick_Handler
    startup_stm32f103xb.o(RESET) refers to stm32f1xx_it.o(i.TIM4_IRQHandler) for TIM4_IRQHandler
    startup_stm32f103xb.o(.text) refers to system_stm32f1xx.o(i.SystemInit) for SystemInit
    startup_stm32f103xb.o(.text) refers to entry.o(.ARM.Collect$$$$00000000) for __main
    main.o(i.HAL_TIM_PeriodElapsedCallback) refers to stm32f1xx_hal.o(i.HAL_IncTick) for HAL_IncTick
    main.o(i.SystemClock_Config) refers to memseta.o(.text) for __aeabi_memclr4
    main.o(i.SystemClock_Config) refers to stm32f1xx_hal_rcc.o(i.HAL_RCC_OscConfig) for HAL_RCC_OscConfig
    main.o(i.SystemClock_Config) refers to stm32f1xx_hal_rcc.o(i.HAL_RCC_ClockConfig) for HAL_RCC_ClockConfig
    main.o(i.fputc) refers to usart.o(.bss) for huart1
    main.o(i.led1_task) refers to stm32f1xx_hal_gpio.o(i.HAL_GPIO_TogglePin) for HAL_GPIO_TogglePin
    main.o(i.led1_task) refers to los_task.o(i.LOS_TaskDelay) for LOS_TaskDelay
    main.o(i.led2_task) refers to stm32f1xx_hal_gpio.o(i.HAL_GPIO_TogglePin) for HAL_GPIO_TogglePin
    main.o(i.led2_task) refers to los_task.o(i.LOS_TaskDelay) for LOS_TaskDelay
    main.o(i.main) refers to stm32f1xx_hal.o(i.HAL_Init) for HAL_Init
    main.o(i.main) refers to main.o(i.SystemClock_Config) for SystemClock_Config
    main.o(i.main) refers to gpio.o(i.MX_GPIO_Init) for MX_GPIO_Init
    main.o(i.main) refers to usart.o(i.MX_USART1_UART_Init) for MX_USART1_UART_Init
    main.o(i.main) refers to los_init.o(i.LOS_KernelInit) for LOS_KernelInit
    main.o(i.main) refers to los_task.o(i.LOS_TaskCreate) for LOS_TaskCreate
    main.o(i.main) refers to printf8.o(i.__0printf$8) for __2printf
    main.o(i.main) refers to los_init.o(i.LOS_Start) for LOS_Start
    main.o(i.main) refers to main.o(i.led1_task) for led1_task
    main.o(i.main) refers to main.o(.data) for .data
    main.o(i.main) refers to main.o(i.led2_task) for led2_task
    main.o(i.main) refers to main.o(i.print_task) for print_task
    main.o(i.print_task) refers to printf8.o(i.__0printf$8) for __2printf
    main.o(i.print_task) refers to los_task.o(i.LOS_TaskDelay) for LOS_TaskDelay
    gpio.o(i.MX_GPIO_Init) refers to stm32f1xx_hal_gpio.o(i.HAL_GPIO_WritePin) for HAL_GPIO_WritePin
    gpio.o(i.MX_GPIO_Init) refers to stm32f1xx_hal_gpio.o(i.HAL_GPIO_Init) for HAL_GPIO_Init
    usart.o(i.HAL_UART_MspDeInit) refers to stm32f1xx_hal_gpio.o(i.HAL_GPIO_DeInit) for HAL_GPIO_DeInit
    usart.o(i.HAL_UART_MspInit) refers to stm32f1xx_hal_gpio.o(i.HAL_GPIO_Init) for HAL_GPIO_Init
    usart.o(i.MX_USART1_UART_Init) refers to stm32f1xx_hal_uart.o(i.HAL_UART_Init) for HAL_UART_Init
    usart.o(i.MX_USART1_UART_Init) refers to main.o(i.Error_Handler) for Error_Handler
    usart.o(i.MX_USART1_UART_Init) refers to usart.o(.bss) for .bss
    stm32f1xx_it.o(i.TIM4_IRQHandler) refers to stm32f1xx_hal_tim.o(i.HAL_TIM_IRQHandler) for HAL_TIM_IRQHandler
    stm32f1xx_it.o(i.TIM4_IRQHandler) refers to stm32f1xx_hal_timebase_tim.o(.bss) for htim4
    stm32f1xx_hal_timebase_tim.o(i.HAL_InitTick) refers to stm32f1xx_hal_cortex.o(i.HAL_NVIC_SetPriority) for HAL_NVIC_SetPriority
    stm32f1xx_hal_timebase_tim.o(i.HAL_InitTick) refers to stm32f1xx_hal_cortex.o(i.HAL_NVIC_EnableIRQ) for HAL_NVIC_EnableIRQ
    stm32f1xx_hal_timebase_tim.o(i.HAL_InitTick) refers to stm32f1xx_hal_rcc.o(i.HAL_RCC_GetClockConfig) for HAL_RCC_GetClockConfig
    stm32f1xx_hal_timebase_tim.o(i.HAL_InitTick) refers to stm32f1xx_hal_rcc.o(i.HAL_RCC_GetPCLK1Freq) for HAL_RCC_GetPCLK1Freq
    stm32f1xx_hal_timebase_tim.o(i.HAL_InitTick) refers to stm32f1xx_hal_tim.o(i.HAL_TIM_Base_Init) for HAL_TIM_Base_Init
    stm32f1xx_hal_timebase_tim.o(i.HAL_InitTick) refers to stm32f1xx_hal_tim.o(i.HAL_TIM_Base_Start_IT) for HAL_TIM_Base_Start_IT
[...]
    Removing los_slabmem.o(.rrx_text), (6 bytes).
    Removing los_slabmem.o(i.osSlabGetMaxFreeBlkSize), (58 bytes).
    Removing los_slabmem.o(i.osSlabMemCheck), (86 bytes).
    Removing los_slabmem.o(i.osSlabMemDeinit), (68 bytes).
    Removing los_slabmem.o(i.osSlabStatisticsGet), (116 bytes).
    Removing los_membox.o(.rev16_text), (4 bytes).
    Removing los_membox.o(.revsh_text), (4 bytes).
    Removing los_membox.o(.rrx_text), (6 bytes).
    Removing los_membox.o(i.LOS_MemboxAlloc), (56 bytes).
    Removing los_membox.o(i.LOS_MemboxClr), (22 bytes).
    Removing los_membox.o(i.LOS_MemboxFree), (92 bytes).
    Removing los_membox.o(i.LOS_MemboxInit), (94 bytes).
    Removing los_membox.o(i.LOS_MemboxStatisticsGet), (30 bytes).
    Removing los_misc.o(.rev16_text), (4 bytes).
    Removing los_misc.o(.revsh_text), (4 bytes).
    Removing los_misc.o(.rrx_text), (6 bytes).
    Removing los_misc.o(i.LOS_Msleep), (40 bytes).
    Removing los_err.o(.rev16_text), (4 bytes).
    Removing los_err.o(.revsh_text), (4 bytes).
    Removing los_err.o(.rrx_text), (6 bytes).
    Removing los_err.o(i.LOS_ErrHandle), (28 bytes).
    Removing los_err.o(.data), (4 bytes).
    Removing los_tickless.o(.rev16_text), (4 bytes).
    Removing los_tickless.o(.revsh_text), (4 bytes).
    Removing los_tickless.o(.rrx_text), (6 bytes).
    Removing los_init.o(.rev16_text), (4 bytes).
    Removing los_init.o(.revsh_text), (4 bytes).
    Removing los_init.o(.rrx_text), (6 bytes).
    Removing los_init.o(i.LOS_Reboot), (6 bytes).
    Removing los_init.o(i.osEnableFPU), (16 bytes).
    Removing ddiv.o(.text), (222 bytes).
    Removing dfltui.o(.text), (26 bytes).
    Removing dfltul.o(.text), (24 bytes).
    Removing dfixul.o(.text), (48 bytes).
    Removing depilogue.o(.text), (186 bytes).
    Removing dadd.o(.text), (334 bytes).
    Removing dmul.o(.text), (228 bytes).
    Removing cdrcmple.o(.text), (48 bytes).
    Removing los_slab.o(i.osAtomicBitsetGetNumBits), (4 bytes).

569 unused section(s) (total 35570 bytes) removed from the image.

==============================================================================

Image Symbol Table

    Local Symbols

    Symbol Name                              Value     Ov Type        Size  Object(Section)

    ../Core/Src/gpio.c                       0x00000000   Number         0  gpio.o ABSOLUTE
    ../Core/Src/main.c                       0x00000000   Number         0  main.o ABSOLUTE
    ../Core/Src/stm32f1xx_hal_msp.c          0x00000000   Number         0  stm32f1xx_hal_msp.o ABSOLUTE
    ../Core/Src/stm32f1xx_hal_timebase_tim.c 0x00000000   Number         0  stm32f1xx_hal_timebase_tim.o ABSOLUTE
    ../Core/Src/stm32f1xx_it.c               0x00000000   Number         0  stm32f1xx_it.o ABSOLUTE
    ../Core/Src/system_stm32f1xx.c           0x00000000   Number         0  system_stm32f1xx.o ABSOLUTE
    ../Core/Src/usart.c                      0x00000000   Number         0  usart.o ABSOLUTE
    ../Drivers/STM32F1xx_HAL_Driver/Src/stm32f1xx_hal.c 0x00000000   Number         0  stm32f1xx_hal.o ABSOLUTE
    ../Drivers/STM32F1xx_HAL_Driver/Src/stm32f1xx_hal_cortex.c 0x00000000   Number         0  stm32f1xx_hal_cortex.o ABSOLUTE
    ../Drivers/STM32F1xx_HAL_Driver/Src/stm32f1xx_hal_dma.c 0x00000000   Number         0  stm32f1xx_hal_dma.o ABSOLUTE
    ../Drivers/STM32F1xx_HAL_Driver/Src/stm32f1xx_hal_exti.c 0x00000000   Number         0  stm32f1xx_hal_exti.o ABSOLUTE
    ../Drivers/STM32F1xx_HAL_Driver/Src/stm32f1xx_hal_flash.c 0x00000000   Number         0  stm32f1xx_hal_flash.o ABSOLUTE
    ../Drivers/STM32F1xx_HAL_Driver/Src/stm32f1xx_hal_flash_ex.c 0x00000000   Number         0  stm32f1xx_hal_flash_ex.o ABSOLUTE
    ../Drivers/STM32F1xx_HAL_Driver/Src/stm32f1xx_hal_gpio.c 0x00000000   Number         0  stm32f1xx_hal_gpio.o ABSOLUTE
    ../Drivers/STM32F1xx_HAL_Driver/Src/stm32f1xx_hal_gpio_ex.c 0x00000000   Number         0  stm32f1xx_hal_gpio_ex.o ABSOLUTE
    ../Drivers/STM32F1xx_HAL_Driver/Src/stm32f1xx_hal_pwr.c 0x00000000   Number         0  stm32f1xx_hal_pwr.o ABSOLUTE
    ../Drivers/STM32F1xx_HAL_Driver/Src/stm32f1xx_hal_rcc.c 0x00000000   Number         0  stm32f1xx_hal_rcc.o ABSOLUTE
    ../Drivers/STM32F1xx_HAL_Driver/Src/stm32f1xx_hal_rcc_ex.c 0x00000000   Number         0  stm32f1xx_hal_rcc_ex.o ABSOLUTE
    ../Drivers/STM32F1xx_HAL_Driver/Src/stm32f1xx_hal_tim.c 0x00000000   Number         0  stm32f1xx_hal_tim.o ABSOLUTE
    ../Drivers/STM32F1xx_HAL_Driver/Src/stm32f1xx_hal_tim_ex.c 0x00000000   Number         0  stm32f1xx_hal_tim_ex.o ABSOLUTE
    ../Drivers/STM32F1xx_HAL_Driver/Src/stm32f1xx_hal_uart.c 0x00000000   Number         0  stm32f1xx_hal_uart.o ABSOLUTE
    ../clib/microlib/division.c              0x00000000   Number         0  uldiv.o ABSOLUTE
    ../clib/microlib/division.c              0x00000000   Number         0  uidiv.o ABSOLUTE
    ../clib/microlib/init/entry.s            0x00000000   Number         0  entry11b.o ABSOLUTE
    ../clib/microlib/init/entry.s            0x00000000   Number         0  entry11a.o ABSOLUTE
    ../clib/microlib/init/entry.s            0x00000000   Number         0  entry10b.o ABSOLUTE
    ../clib/microlib/init/entry.s            0x00000000   Number         0  entry10a.o ABSOLUTE
    ../clib/microlib/init/entry.s            0x00000000   Number         0  entry9b.o ABSOLUTE
    ../clib/microlib/init/entry.s            0x00000000   Number         0  entry9a.o ABSOLUTE
    ../clib/microlib/init/entry.s            0x00000000   Number         0  entry8b.o ABSOLUTE
    ../clib/microlib/init/entry.s            0x00000000   Number         0  entry8a.o ABSOLUTE
    ../clib/microlib/init/entry.s            0x00000000   Number         0  entry7b.o ABSOLUTE
    ../clib/microlib/init/entry.s            0x00000000   Number         0  entry7a.o ABSOLUTE
    ../clib/microlib/init/entry.s            0x00000000   Number         0  entry5.o ABSOLUTE
    ../clib/microlib/init/entry.s            0x00000000   Number         0  entry2.o ABSOLUTE
    ../clib/microlib/init/entry.s            0x00000000   Number         0  entry.o ABSOLUTE
    ../clib/microlib/longlong.c              0x00000000   Number         0  llshl.o ABSOLUTE
    ../clib/microlib/longlong.c              0x00000000   Number         0  llsshr.o ABSOLUTE
    ../clib/microlib/longlong.c              0x00000000   Number         0  llushr.o ABSOLUTE
    ../clib/microlib/printf/printf.c         0x00000000   Number         0  printf7.o ABSOLUTE
    ../clib/microlib/printf/printf.c         0x00000000   Number         0  printf8.o ABSOLUTE
    ../clib/microlib/printf/printf.c         0x00000000   Number         0  printf6.o ABSOLUTE
    ../clib/microlib/printf/printf.c         0x00000000   Number         0  printf5.o ABSOLUTE
    ../clib/microlib/printf/printf.c         0x00000000   Number         0  printf4.o ABSOLUTE
    ../clib/microlib/printf/printf.c         0x00000000   Number         0  printf0.o ABSOLUTE
    ../clib/microlib/printf/printf.c         0x00000000   Number         0  printf3.o ABSOLUTE
    ../clib/microlib/printf/printf.c         0x00000000   Number         0  printf2.o ABSOLUTE
    ../clib/microlib/printf/printf.c         0x00000000   Number         0  printf1.o ABSOLUTE
    ../clib/microlib/printf/printf.c         0x00000000   Number         0  printfb.o ABSOLUTE
    ../clib/microlib/printf/printf.c         0x00000000   Number         0  printfa.o ABSOLUTE
    ../clib/microlib/printf/stubs.s          0x00000000   Number         0  stubs.o ABSOLUTE
    ../clib/microlib/stdio/streams.c         0x00000000   Number         0  stdout.o ABSOLUTE
    ../clib/microlib/string/memcpy.c         0x00000000   Number         0  memcpya.o ABSOLUTE
    ../clib/microlib/string/memcpy.c         0x00000000   Number         0  memcpyb.o ABSOLUTE
    ../clib/microlib/string/memset.c         0x00000000   Number         0  memseta.o ABSOLUTE
    ../clib/microlib/string/strncpy.c        0x00000000   Number         0  strncpy.o ABSOLUTE
    ../clib/microlib/stubs.s                 0x00000000   Number         0  iusefp.o ABSOLUTE
    ../fplib/microlib/fpadd.c                0x00000000   Number         0  dadd.o ABSOLUTE
    ../fplib/microlib/fpdiv.c                0x00000000   Number         0  ddiv.o ABSOLUTE
    ../fplib/microlib/fpepilogue.c           0x00000000   Number         0  depilogue.o ABSOLUTE
    ../fplib/microlib/fpfix.c                0x00000000   Number         0  dfixul.o ABSOLUTE
    ../fplib/microlib/fpflt.c                0x00000000   Number         0  dfltul.o ABSOLUTE
    ../fplib/microlib/fpflt.c                0x00000000   Number         0  dfltui.o ABSOLUTE
    ../fplib/microlib/fpmul.c                0x00000000   Number         0  dmul.o ABSOLUTE
    ..\Core\Src\gpio.c                       0x00000000   Number         0  gpio.o ABSOLUTE
    ..\Core\Src\main.c                       0x00000000   Number         0  main.o ABSOLUTE
    ..\Core\Src\stm32f1xx_hal_msp.c          0x00000000   Number         0  stm32f1xx_hal_msp.o ABSOLUTE
    ..\Core\Src\stm32f1xx_hal_timebase_tim.c 0x00000000   Number         0  stm32f1xx_hal_timebase_tim.o ABSOLUTE
    ..\Core\Src\stm32f1xx_it.c               0x00000000   Number         0  stm32f1xx_it.o ABSOLUTE
    ..\Core\Src\system_stm32f1xx.c           0x00000000   Number         0  system_stm32f1xx.o ABSOLUTE
    ..\Core\Src\usart.c                      0x00000000   Number         0  usart.o ABSOLUTE
    ..\Drivers\STM32F1xx_HAL_Driver\Src\stm32f1xx_hal.c 0x00000000   Number         0  stm32f1xx_hal.o ABSOLUTE
    ..\Drivers\STM32F1xx_HAL_Driver\Src\stm32f1xx_hal_cortex.c 0x00000000   Number         0  stm32f1xx_hal_cortex.o ABSOLUTE
    ..\Drivers\STM32F1xx_HAL_Driver\Src\stm32f1xx_hal_dma.c 0x00000000   Number         0  stm32f1xx_hal_dma.o ABSOLUTE
    ..\Drivers\STM32F1xx_HAL_Driver\Src\stm32f1xx_hal_exti.c 0x00000000   Number         0  stm32f1xx_hal_exti.o ABSOLUTE
    ..\Drivers\STM32F1xx_HAL_Driver\Src\stm32f1xx_hal_flash.c 0x00000000   Number         0  stm32f1xx_hal_flash.o ABSOLUTE
    ..\Drivers\STM32F1xx_HAL_Driver\Src\stm32f1xx_hal_flash_ex.c 0x00000000   Number         0  stm32f1xx_hal_flash_ex.o ABSOLUTE
    ..\Drivers\STM32F1xx_HAL_Driver\Src\stm32f1xx_hal_gpio.c 0x00000000   Number         0  stm32f1xx_hal_gpio.o ABSOLUTE
    ..\Drivers\STM32F1xx_HAL_Driver\Src\stm32f1xx_hal_gpio_ex.c 0x00000000   Number         0  stm32f1xx_hal_gpio_ex.o ABSOLUTE
    ..\Drivers\STM32F1xx_HAL_Driver\Src\stm32f1xx_hal_pwr.c 0x00000000   Number         0  stm32f1xx_hal_pwr.o ABSOLUTE
    ..\Drivers\STM32F1xx_HAL_Driver\Src\stm32f1xx_hal_rcc.c 0x00000000   Number         0  stm32f1xx_hal_rcc.o ABSOLUTE
    ..\Drivers\STM32F1xx_HAL_Driver\Src\stm32f1xx_hal_rcc_ex.c 0x00000000   Number         0  stm32f1xx_hal_rcc_ex.o ABSOLUTE
    ..\Drivers\STM32F1xx_HAL_Driver\Src\stm32f1xx_hal_tim.c 0x00000000   Number         0  stm32f1xx_hal_tim.o ABSOLUTE
    ..\Drivers\STM32F1xx_HAL_Driver\Src\stm32f1xx_hal_tim_ex.c 0x00000000   Number         0  stm32f1xx_hal_tim_ex.o ABSOLUTE
    ..\Drivers\STM32F1xx_HAL_Driver\Src\stm32f1xx_hal_uart.c 0x00000000   Number         0  stm32f1xx_hal_uart.o ABSOLUTE
    ..\LiteOS\arch\arm\arm-m\cortex-m3\keil\los_dispatch_keil.S 0x00000000   Number         0  los_dispatch_keil.o ABSOLUTE
    ..\LiteOS\arch\arm\arm-m\src\los_hw.c    0x00000000   Number         0  los_hw.o ABSOLUTE
    ..\LiteOS\arch\arm\arm-m\src\los_hw_tick.c 0x00000000   Number         0  los_hw_tick.o ABSOLUTE
    ..\LiteOS\arch\arm\arm-m\src\los_hwi.c   0x00000000   Number         0  los_hwi.o ABSOLUTE
    ..\LiteOS\kernel\base\core\los_priqueue.c 0x00000000   Number         0  los_priqueue.o ABSOLUTE
    ..\LiteOS\kernel\base\core\los_swtmr.c   0x00000000   Number         0  los_swtmr.o ABSOLUTE
    ..\LiteOS\kernel\base\core\los_sys.c     0x00000000   Number         0  los_sys.o ABSOLUTE
    ..\LiteOS\kernel\base\core\los_task.c    0x00000000   Number         0  los_task.o ABSOLUTE
    ..\LiteOS\kernel\base\core\los_tick.c    0x00000000   Number         0  los_tick.o ABSOLUTE
    ..\LiteOS\kernel\base\core\los_timeslice.c 0x00000000   Number         0  los_timeslice.o ABSOLUTE
    ..\LiteOS\kernel\base\ipc\los_event.c    0x00000000   Number         0  los_event.o ABSOLUTE
    ..\LiteOS\kernel\base\ipc\los_mux.c      0x00000000   Number         0  los_mux.o ABSOLUTE
    ..\LiteOS\kernel\base\ipc\los_queue.c    0x00000000   Number         0  los_queue.o ABSOLUTE
    ..\LiteOS\kernel\base\ipc\los_sem.c      0x00000000   Number         0  los_sem.o ABSOLUTE
    ..\LiteOS\kernel\base\mem\bestfit_little\los_heap.c 0x00000000   Number         0  los_heap.o ABSOLUTE
    ..\LiteOS\kernel\base\mem\bestfit_little\los_memory.c 0x00000000   Number         0  los_memory.o ABSOLUTE
    ..\LiteOS\kernel\base\mem\common\los_memcheck.c 0x00000000   Number         0  los_memcheck.o ABSOLUTE
    ..\LiteOS\kernel\base\mem\common\los_memstat.c 0x00000000   Number         0  los_memstat.o ABSOLUTE
    ..\LiteOS\kernel\base\mem\common\los_slab.c 0x00000000   Number         0  los_slab.o ABSOLUTE
    ..\LiteOS\kernel\base\mem\common\los_slabmem.c 0x00000000   Number         0  los_slabmem.o ABSOLUTE
    ..\LiteOS\kernel\base\mem\membox\los_membox.c 0x00000000   Number         0  los_membox.o ABSOLUTE
    ..\LiteOS\kernel\base\misc\los_misc.c    0x00000000   Number         0  los_misc.o ABSOLUTE
    ..\LiteOS\kernel\base\om\los_err.c       0x00000000   Number         0  los_err.o ABSOLUTE
    ..\LiteOS\kernel\extended\tickless\los_tickless.c 0x00000000   Number         0  los_tickless.o ABSOLUTE
    ..\LiteOS\kernel\los_init.c              0x00000000   Number         0  los_init.o ABSOLUTE
    ..\\LiteOS\\arch\\arm\\arm-m\\src\\los_hw.c 0x00000000   Number         0  los_hw.o ABSOLUTE
    ..\\LiteOS\\arch\\arm\\arm-m\\src\\los_hw_tick.c 0x00000000   Number         0  los_hw_tick.o ABSOLUTE
    ..\\LiteOS\\arch\\arm\\arm-m\\src\\los_hwi.c 0x00000000   Number         0  los_hwi.o ABSOLUTE
    ..\\LiteOS\\kernel\\base\\core\\los_priqueue.c 0x00000000   Number         0  los_priqueue.o ABSOLUTE
    ..\\LiteOS\\kernel\\base\\core\\los_swtmr.c 0x00000000   Number         0  los_swtmr.o ABSOLUTE
    ..\\LiteOS\\kernel\\base\\core\\los_sys.c 0x00000000   Number         0  los_sys.o ABSOLUTE
    ..\\LiteOS\\kernel\\base\\core\\los_task.c 0x00000000   Number         0  los_task.o ABSOLUTE
    ..\\LiteOS\\kernel\\base\\core\\los_tick.c 0x00000000   Number         0  los_tick.o ABSOLUTE
    ..\\LiteOS\\kernel\\base\\core\\los_timeslice.c 0x00000000   Number         0  los_timeslice.o ABSOLUTE
    ..\\LiteOS\\kernel\\base\\ipc\\los_event.c 0x00000000   Number         0  los_event.o ABSOLUTE
    ..\\LiteOS\\kernel\\base\\ipc\\los_mux.c 0x00000000   Number         0  los_mux.o ABSOLUTE
    ..\\LiteOS\\kernel\\base\\ipc\\los_queue.c 0x00000000   Number         0  los_queue.o ABSOLUTE
    ..\\LiteOS\\kernel\\base\\ipc\\los_sem.c 0x00000000   Number         0  los_sem.o ABSOLUTE
    ..\\LiteOS\\kernel\\base\\mem\\bestfit_little\\los_heap.c 0x00000000   Number         0  los_heap.o ABSOLUTE
    ..\\LiteOS\\kernel\\base\\mem\\bestfit_little\\los_memory.c 0x00000000   Number         0  los_memory.o ABSOLUTE
    ..\\LiteOS\\kernel\\base\\mem\\common\\los_memcheck.c 0x00000000   Number         0  los_memcheck.o ABSOLUTE
    ..\\LiteOS\\kernel\\base\\mem\\common\\los_memstat.c 0x00000000   Number         0  los_memstat.o ABSOLUTE
    ..\\LiteOS\\kernel\\base\\mem\\common\\los_slab.c 0x00000000   Number         0  los_slab.o ABSOLUTE
    ..\\LiteOS\\kernel\\base\\mem\\common\\los_slabmem.c 0x00000000   Number         0  los_slabmem.o ABSOLUTE
    ..\\LiteOS\\kernel\\base\\mem\\membox\\los_membox.c 0x00000000   Number         0  los_membox.o ABSOLUTE
    ..\\LiteOS\\kernel\\base\\misc\\los_misc.c 0x00000000   Number         0  los_misc.o ABSOLUTE
    ..\\LiteOS\\kernel\\base\\om\\los_err.c  0x00000000   Number         0  los_err.o ABSOLUTE
    ..\\LiteOS\\kernel\\extended\\tickless\\los_tickless.c 0x00000000   Number         0  los_tickless.o ABSOLUTE
    ..\\LiteOS\\kernel\\los_init.c           0x00000000   Number         0  los_init.o ABSOLUTE
    cdrcmple.s                               0x00000000   Number         0  cdrcmple.o ABSOLUTE
    dc.s                                     0x00000000   Number         0  dc.o ABSOLUTE
    handlers.s                               0x00000000   Number         0  handlers.o ABSOLUTE
    init.s                                   0x00000000   Number         0  init.o ABSOLUTE
    startup_stm32f103xb.s                    0x00000000   Number         0  startup_stm32f103xb.o ABSOLUTE
    RESET                                    0x08000000   Section      236  startup_stm32f103xb.o(RESET)
    .ARM.Collect$$$$00000000                 0x080000ec   Section        0  entry.o(.ARM.Collect$$$$00000000)
    .ARM.Collect$$$$00000001                 0x080000ec   Section        4  entry2.o(.ARM.Collect$$$$00000001)
    .ARM.Collect$$$$00000004                 0x080000f0   Section        4  entry5.o(.ARM.Collect$$$$00000004)
    .ARM.Collect$$$$00000008                 0x080000f4   Section        0  entry7b.o(.ARM.Collect$$$$00000008)
    .ARM.Collect$$$$0000000A                 0x080000f4   Section        0  entry8b.o(.ARM.Collect$$$$0000000A)
    .ARM.Collect$$$$0000000B                 0x080000f4   Section        8  entry9a.o(.ARM.Collect$$$$0000000B)
    .ARM.Collect$$$$0000000D                 0x080000fc   Section        0  entry10a.o(.ARM.Collect$$$$0000000D)
    .ARM.Collect$$$$0000000F                 0x080000fc   Section        0  entry11a.o(.ARM.Collect$$$$0000000F)
    .ARM.Collect$$$$00002712                 0x080000fc   Section        4  entry2.o(.ARM.Collect$$$$00002712)
    __lit__00000000                          0x080000fc   Data           4  entry2.o(.ARM.Collect$$$$00002712)
    .text                                    0x08000100   Section       36  startup_stm32f103xb.o(.text)
    .text                                    0x08000124   Section      204  los_dispatch_keil.o(.text)
    .text                                    0x080001f0   Section        0  uldiv.o(.text)
    .text                                    0x08000252   Section        0  llushr.o(.text)
    .text                                    0x08000272   Section        0  memcpya.o(.text)
    .text                                    0x08000296   Section        0  memseta.o(.text)
    .text                                    0x080002ba   Section        0  llshl.o(.text)
    .text                                    0x080002d8   Section       36  init.o(.text)
    i.BusFault_Handler                       0x080002fc   Section        0  stm32f1xx_it.o(i.BusFault_Handler)
    i.DebugMon_Handler                       0x080002fe   Section        0  stm32f1xx_it.o(i.DebugMon_Handler)
    i.Error_Handler                          0x08000300   Section        0  main.o(i.Error_Handler)
    i.HAL_GPIO_Init                          0x08000304   Section        0  stm32f1xx_hal_gpio.o(i.HAL_GPIO_Init)
    i.HAL_GPIO_TogglePin                     0x080004e4   Section        0  stm32f1xx_hal_gpio.o(i.HAL_GPIO_TogglePin)
    i.HAL_GPIO_WritePin                      0x080004f4   Section        0  stm32f1xx_hal_gpio.o(i.HAL_GPIO_WritePin)
    i.HAL_GetTick                            0x08000500   Section        0  stm32f1xx_hal.o(i.HAL_GetTick)
    i.HAL_IncTick                            0x0800050c   Section        0  stm32f1xx_hal.o(i.HAL_IncTick)
    i.HAL_Init                               0x0800051c   Section        0  stm32f1xx_hal.o(i.HAL_Init)
    i.HAL_InitTick                           0x08000540   Section        0  stm32f1xx_hal_timebase_tim.o(i.HAL_InitTick)
    i.HAL_MspInit                            0x080005b4   Section        0  stm32f1xx_hal_msp.o(i.HAL_MspInit)
    i.HAL_NVIC_EnableIRQ                     0x080005f0   Section        0  stm32f1xx_hal_cortex.o(i.HAL_NVIC_EnableIRQ)
    i.HAL_NVIC_SetPriority                   0x0800060c   Section        0  stm32f1xx_hal_cortex.o(i.HAL_NVIC_SetPriority)
    i.HAL_NVIC_SetPriorityGrouping           0x0800064c   Section        0  stm32f1xx_hal_cortex.o(i.HAL_NVIC_SetPriorityGrouping)
    i.HAL_RCC_ClockConfig                    0x08000670   Section        0  stm32f1xx_hal_rcc.o(i.HAL_RCC_ClockConfig)
    i.HAL_RCC_GetClockConfig                 0x0800079c   Section        0  stm32f1xx_hal_rcc.o(i.HAL_RCC_GetClockConfig)
    i.HAL_RCC_GetPCLK1Freq                   0x080007dc   Section        0  stm32f1xx_hal_rcc.o(i.HAL_RCC_GetPCLK1Freq)
    i.HAL_RCC_GetPCLK2Freq                   0x080007fc   Section        0  stm32f1xx_hal_rcc.o(i.HAL_RCC_GetPCLK2Freq)
    i.HAL_RCC_GetSysClockFreq                0x0800081c   Section        0  stm32f1xx_hal_rcc.o(i.HAL_RCC_GetSysClockFreq)
    i.HAL_RCC_OscConfig                      0x08000888   Section        0  stm32f1xx_hal_rcc.o(i.HAL_RCC_OscConfig)
    i.HAL_TIMEx_BreakCallback                0x08000ba8   Section        0  stm32f1xx_hal_tim_ex.o(i.HAL_TIMEx_BreakCallback)
    i.HAL_TIMEx_CommutCallback               0x08000baa   Section        0  stm32f1xx_hal_tim_ex.o(i.HAL_TIMEx_CommutCallback)
    i.HAL_TIM_Base_Init                      0x08000bac   Section        0  stm32f1xx_hal_tim.o(i.HAL_TIM_Base_Init)
    i.HAL_TIM_Base_MspInit                   0x08000c06   Section        0  stm32f1xx_hal_tim.o(i.HAL_TIM_Base_MspInit)
    i.HAL_TIM_Base_Start_IT                  0x08000c08   Section        0  stm32f1xx_hal_tim.o(i.HAL_TIM_Base_Start_IT)
    i.HAL_TIM_IC_CaptureCallback             0x08000c60   Section        0  stm32f1xx_hal_tim.o(i.HAL_TIM_IC_CaptureCallback)
    i.HAL_TIM_IRQHandler                     0x08000c62   Section        0  stm32f1xx_hal_tim.o(i.HAL_TIM_IRQHandler)
    i.HAL_TIM_OC_DelayElapsedCallback        0x08000dc8   Section        0  stm32f1xx_hal_tim.o(i.HAL_TIM_OC_DelayElapsedCallback)
    i.HAL_TIM_PWM_PulseFinishedCallback      0x08000dca   Section        0  stm32f1xx_hal_tim.o(i.HAL_TIM_PWM_PulseFinishedCallback)
    i.HAL_TIM_PeriodElapsedCallback          0x08000dcc   Section        0  main.o(i.HAL_TIM_PeriodElapsedCallback)
    i.HAL_TIM_TriggerCallback                0x08000de0   Section        0  stm32f1xx_hal_tim.o(i.HAL_TIM_TriggerCallback)
    i.HAL_UART_Init                          0x08000de2   Section        0  stm32f1xx_hal_uart.o(i.HAL_UART_Init)
    i.HAL_UART_MspInit                       0x08000e44   Section        0  usart.o(i.HAL_UART_MspInit)
    i.HardFault_Handler                      0x08000eb4   Section        0  stm32f1xx_it.o(i.HardFault_Handler)
    i.LOS_Align                              0x08000eb6   Section        0  los_misc.o(i.LOS_Align)
    i.LOS_KernelInit                         0x08000ecc   Section        0  los_init.o(i.LOS_KernelInit)
    i.LOS_ListAdd                            0x08000fbc   Section        0  los_task.o(i.LOS_ListAdd)
    LOS_ListAdd                              0x08000fbd   Thumb Code    14  los_task.o(i.LOS_ListAdd)
    i.LOS_ListAdd                            0x08000fca   Section        0  los_mux.o(i.LOS_ListAdd)
    LOS_ListAdd                              0x08000fcb   Thumb Code    14  los_mux.o(i.LOS_ListAdd)
    i.LOS_ListAdd                            0x08000fd8   Section        0  los_queue.o(i.LOS_ListAdd)
    LOS_ListAdd                              0x08000fd9   Thumb Code    14  los_queue.o(i.LOS_ListAdd)
    i.LOS_ListAdd                            0x08000fe6   Section        0  los_sem.o(i.LOS_ListAdd)
    LOS_ListAdd                              0x08000fe7   Thumb Code    14  los_sem.o(i.LOS_ListAdd)
    i.LOS_ListDelete                         0x08000ff4   Section        0  los_task.o(i.LOS_ListDelete)
    LOS_ListDelete                           0x08000ff5   Thumb Code    20  los_task.o(i.LOS_ListDelete)
    i.LOS_ListTailInsert                     0x08001008   Section        0  los_task.o(i.LOS_ListTailInsert)
    LOS_ListTailInsert                       0x08001009   Thumb Code     6  los_task.o(i.LOS_ListTailInsert)
    i.LOS_MemAlloc                           0x0800100e   Section        0  los_memory.o(i.LOS_MemAlloc)
    i.LOS_MemAllocAlign                      0x08001036   Section        0  los_memory.o(i.LOS_MemAllocAlign)
    i.LOS_MemFree                            0x0800103a   Section        0  los_memory.o(i.LOS_MemFree)
    i.LOS_MemInit                            0x08001060   Section        0  los_memory.o(i.LOS_MemInit)
    i.LOS_QueueCreate                        0x0800113c   Section        0  los_queue.o(i.LOS_QueueCreate)
    i.LOS_QueueReadCopy                      0x08001200   Section        0  los_queue.o(i.LOS_QueueReadCopy)
    i.LOS_QueueWriteCopy                     0x08001222   Section        0  los_queue.o(i.LOS_QueueWriteCopy)
    i.LOS_Schedule                           0x08001248   Section        0  los_hw.o(i.LOS_Schedule)
    i.LOS_Start                              0x08001288   Section        0  los_init.o(i.LOS_Start)
    i.LOS_TaskCreate                         0x080012c4   Section        0  los_task.o(i.LOS_TaskCreate)
    i.LOS_TaskCreateOnly                     0x08001334   Section        0  los_task.o(i.LOS_TaskCreateOnly)
    i.LOS_TaskDelay                          0x08001484   Section        0  los_task.o(i.LOS_TaskDelay)
    i.LOS_TaskDelete                         0x080014f0   Section        0  los_task.o(i.LOS_TaskDelete)
    i.LOS_TaskYield                          0x08001628   Section        0  los_task.o(i.LOS_TaskYield)
    i.LOS_TickCountGet                       0x08001698   Section        0  los_sys.o(i.LOS_TickCountGet)
    i.MX_GPIO_Init                           0x080016a4   Section        0  gpio.o(i.MX_GPIO_Init)
    i.MX_USART1_UART_Init                    0x08001784   Section        0  usart.o(i.MX_USART1_UART_Init)
    i.MemManage_Handler                      0x080017bc   Section        0  stm32f1xx_it.o(i.MemManage_Handler)
    i.NMI_Handler                            0x080017be   Section        0  stm32f1xx_it.o(i.NMI_Handler)
    i.SVC_Handler                            0x080017c0   Section        0  stm32f1xx_it.o(i.SVC_Handler)
    i.SysTick_Handler                        0x080017c4   Section        0  los_hwi.o(i.SysTick_Handler)
    i.SystemClock_Config                     0x080017e8   Section        0  main.o(i.SystemClock_Config)
    i.SystemInit                             0x08001836   Section        0  system_stm32f1xx.o(i.SystemInit)
    i.TIM4_IRQHandler                        0x08001838   Section        0  stm32f1xx_it.o(i.TIM4_IRQHandler)
    i.TIM_Base_SetConfig                     0x08001844   Section        0  stm32f1xx_hal_tim.o(i.TIM_Base_SetConfig)
    i.UART_SetConfig                         0x080018b0   Section        0  stm32f1xx_hal_uart.o(i.UART_SetConfig)
    UART_SetConfig                           0x080018b1   Thumb Code   178  stm32f1xx_hal_uart.o(i.UART_SetConfig)
    i.UsageFault_Handler                     0x08001968   Section        0  stm32f1xx_it.o(i.UsageFault_Handler)
    i.__0printf$8                            0x0800196c   Section        0  printf8.o(i.__0printf$8)
    i.__NVIC_SetPriority                     0x0800198c   Section        0  stm32f1xx_hal_cortex.o(i.__NVIC_SetPriority)
    __NVIC_SetPriority                       0x0800198d   Thumb Code    32  stm32f1xx_hal_cortex.o(i.__NVIC_SetPriority)
    i.__scatterload_copy                     0x080019ac   Section       14  handlers.o(i.__scatterload_copy)
    i.__scatterload_null                     0x080019ba   Section        2  handlers.o(i.__scatterload_null)
    i.__scatterload_zeroinit                 0x080019bc   Section       14  handlers.o(i.__scatterload_zeroinit)
    i._printf_core                           0x080019cc   Section        0  printf8.o(i._printf_core)
    _printf_core                             0x080019cd   Thumb Code   996  printf8.o(i._printf_core)
    i._printf_post_padding                   0x08001ddc   Section        0  printf8.o(i._printf_post_padding)
    _printf_post_padding                     0x08001ddd   Thumb Code    36  printf8.o(i._printf_post_padding)
    i._printf_pre_padding                    0x08001e00   Section        0  printf8.o(i._printf_pre_padding)
    _printf_pre_padding                      0x08001e01   Thumb Code    46  printf8.o(i._printf_pre_padding)
    i.fputc                                  0x08001e30   Section        0  main.o(i.fputc)
    i.led1_task                              0x08001e48   Section        0  main.o(i.led1_task)
    i.led2_task                              0x08001e68   Section        0  main.o(i.led2_task)
    i.main                                   0x08001e84   Section        0  main.o(i.main)
    i.osAlarmHeapInfo                        0x08001fa8   Section        0  los_heap.o(i.osAlarmHeapInfo)
    i.osAtomicBitsetClearBit                 0x08001fc2   Section        0  los_slab.o(i.osAtomicBitsetClearBit)
    i.osAtomicBitsetFindClearAndSet          0x08001fe0   Section        0  los_slab.o(i.osAtomicBitsetFindClearAndSet)
    i.osAtomicBitsetGetBit                   0x08002022   Section        0  los_slab.o(i.osAtomicBitsetGetBit)
    i.osAtomicBitsetInit                     0x08002044   Section        0  los_slab.o(i.osAtomicBitsetInit)
    i.osHeapAlloc                            0x08002070   Section        0  los_heap.o(i.osHeapAlloc)
    i.osHeapAllocAlign                       0x08002190   Section        0  los_heap.o(i.osHeapAllocAlign)
    i.osHeapFree                             0x080021cc   Section        0  los_heap.o(i.osHeapFree)
    i.osHeapInit                             0x080022d4   Section        0  los_heap.o(i.osHeapInit)
    i.osHeapPrvGetNext                       0x0800230e   Section        0  los_heap.o(i.osHeapPrvGetNext)
    i.osHeapStatisticsGet                    0x08002324   Section        0  los_heap.o(i.osHeapStatisticsGet)
    i.osIdleTask                             0x0800236c   Section        0  los_task.o(i.osIdleTask)
    i.osIdleTaskCreate                       0x08002370   Section        0  los_task.o(i.osIdleTaskCreate)
    i.osIntNumGet                            0x080023b0   Section        0  los_hwi.o(i.osIntNumGet)
    i.osMemSystemInit                        0x080023b8   Section        0  los_memory.o(i.osMemSystemInit)
    i.osMuxInit                              0x080023cc   Section        0  los_mux.o(i.osMuxInit)
    i.osPriqueueDequeue                      0x08002424   Section        0  los_priqueue.o(i.osPriqueueDequeue)
    i.osPriqueueEnqueue                      0x0800245c   Section        0  los_priqueue.o(i.osPriqueueEnqueue)
    i.osPriqueueInit                         0x0800248c   Section        0  los_priqueue.o(i.osPriqueueInit)
    i.osPriqueueSize                         0x080024c0   Section        0  los_priqueue.o(i.osPriqueueSize)
    i.osPriqueueTop                          0x080024e4   Section        0  los_priqueue.o(i.osPriqueueTop)
    i.osQueueBufferOperate                   0x08002500   Section        0  los_queue.o(i.osQueueBufferOperate)
    osQueueBufferOperate                     0x08002501   Thumb Code   168  los_queue.o(i.osQueueBufferOperate)
    i.osQueueInit                            0x080025d0   Section        0  los_queue.o(i.osQueueInit)
    i.osQueueOperate                         0x0800262c   Section        0  los_queue.o(i.osQueueOperate)
    i.osQueueReadParameterCheck              0x08002794   Section        0  los_queue.o(i.osQueueReadParameterCheck)
    osQueueReadParameterCheck                0x08002795   Thumb Code    48  los_queue.o(i.osQueueReadParameterCheck)
    i.osQueueWriteParameterCheck             0x080027c8   Section        0  los_queue.o(i.osQueueWriteParameterCheck)
    osQueueWriteParameterCheck               0x080027c9   Thumb Code    46  los_queue.o(i.osQueueWriteParameterCheck)
    i.osSchedule                             0x080027fc   Section        0  los_hw.o(i.osSchedule)
    i.osSemInit                              0x08002800   Section        0  los_sem.o(i.osSemInit)
    i.osSlabAllocatorAlloc                   0x08002854   Section        0  los_slab.o(i.osSlabAllocatorAlloc)
    i.osSlabAllocatorFree                    0x08002870   Section        0  los_slab.o(i.osSlabAllocatorFree)
    i.osSlabAllocatorNew                     0x080028a8   Section        0  los_slab.o(i.osSlabAllocatorNew)
    i.osSlabBlockHeadFill                    0x080028ee   Section        0  los_slabmem.o(i.osSlabBlockHeadFill)
    i.osSlabCtrlHdrGet                       0x08002902   Section        0  los_memory.o(i.osSlabCtrlHdrGet)
    i.osSlabMemAlloc                         0x08002906   Section        0  los_slabmem.o(i.osSlabMemAlloc)
    i.osSlabMemFree                          0x08002968   Section        0  los_slabmem.o(i.osSlabMemFree)
    i.osSlabMemInit                          0x080029c8   Section        0  los_slabmem.o(i.osSlabMemInit)
    i.osSwTmrInit                            0x08002a1c   Section        0  los_swtmr.o(i.osSwTmrInit)
    i.osSwTmrStart                           0x08002a9c   Section        0  los_swtmr.o(i.osSwTmrStart)
    i.osSwTmrTask                            0x08002c24   Section        0  los_swtmr.o(i.osSwTmrTask)
    i.osSwTmrTaskCreate                      0x08002c60   Section        0  los_swtmr.o(i.osSwTmrTaskCreate)
    i.osSwTmrTimeoutHandle                   0x08002ca0   Section        0  los_swtmr.o(i.osSwTmrTimeoutHandle)
    osSwTmrTimeoutHandle                     0x08002ca1   Thumb Code    98  los_swtmr.o(i.osSwTmrTimeoutHandle)
    i.osSwtmrDelete                          0x08002d08   Section        0  los_swtmr.o(i.osSwtmrDelete)
    osSwtmrDelete                            0x08002d09   Thumb Code    26  los_swtmr.o(i.osSwtmrDelete)
    i.osSwtmrScan                            0x08002d2c   Section        0  los_swtmr.o(i.osSwtmrScan)
    i.osTaskAdd2TimerList                    0x08002d48   Section        0  los_task.o(i.osTaskAdd2TimerList)
    i.osTaskEntry                            0x08002dcc   Section        0  los_task.o(i.osTaskEntry)
    i.osTaskExit                             0x08002df8   Section        0  los_hw.o(i.osTaskExit)
    i.osTaskInit                             0x08002dfc   Section        0  los_task.o(i.osTaskInit)
    i.osTaskMonInit                          0x08002ed0   Section        0  los_task.o(i.osTaskMonInit)
    i.osTaskScan                             0x08002efc   Section        0  los_task.o(i.osTaskScan)
    i.osTaskSwitchCheck                      0x08002fb0   Section        0  los_task.o(i.osTaskSwitchCheck)
    i.osTaskWait                             0x080030ec   Section        0  los_task.o(i.osTaskWait)
    i.osTaskWake                             0x08003138   Section        0  los_task.o(i.osTaskWake)
    i.osTickHandler                          0x08003178   Section        0  los_tick.o(i.osTickHandler)
    i.osTickStart                            0x080031a0   Section        0  los_hw_tick.o(i.osTickStart)
    i.osTimerListDelete                      0x08003210   Section        0  los_task.o(i.osTimerListDelete)
    i.osTimesliceCheck                       0x08003244   Section        0  los_timeslice.o(i.osTimesliceCheck)
    i.osTimesliceInit                        0x0800327c   Section        0  los_timeslice.o(i.osTimesliceInit)
    i.osTskStackInit                         0x0800328c   Section        0  los_hw.o(i.osTskStackInit)
    i.print_task                             0x0800330c   Section        0  main.o(i.print_task)
    .constdata                               0x08003334   Section       16  system_stm32f1xx.o(.constdata)
    .constdata                               0x08003344   Section        8  system_stm32f1xx.o(.constdata)
    .data                                    0x20000000   Section       12  main.o(.data)
    .data                                    0x2000000c   Section       12  stm32f1xx_hal.o(.data)
    .data                                    0x20000018   Section        4  system_stm32f1xx.o(.data)
    .data                                    0x2000001c   Section        8  los_priqueue.o(.data)
    g_uwPriQueueBitmap                       0x2000001c   Data           4  los_priqueue.o(.data)
    .data                                    0x20000024   Section       28  los_swtmr.o(.data)
    m_uwSwtimerRousesTime                    0x20000024   Data           4  los_swtmr.o(.data)
    m_pstRouses                              0x20000028   Data           4  los_swtmr.o(.data)
    m_pstRousesPrev                          0x2000002c   Data           4  los_swtmr.o(.data)
    .data                                    0x20000040   Section       72  los_task.o(.data)
    .data                                    0x20000088   Section        4  los_tick.o(.data)
    .data                                    0x20000090   Section       16  los_tick.o(.data)
    .data                                    0x200000a0   Section        4  los_tick.o(.data)
    .data                                    0x200000a4   Section        8  los_timeslice.o(.data)
    .data                                    0x200000ac   Section       12  los_mux.o(.data)
    .data                                    0x200000b8   Section       12  los_queue.o(.data)
    .data                                    0x200000c4   Section       12  los_sem.o(.data)
    .data                                    0x200000d0   Section       16  los_heap.o(.data)
    g_uwAllocCount                           0x200000d0   Data           4  los_heap.o(.data)
    g_uwFreeCount                            0x200000d4   Data           4  los_heap.o(.data)
    g_uwCurHeapUsed                          0x200000d8   Data           4  los_heap.o(.data)
    g_uwMaxHeapUsed                          0x200000dc   Data           4  los_heap.o(.data)
    .data                                    0x200000e0   Section        4  los_memory.o(.data)
    .data                                    0x200000e4   Section        4  los_init.o(.data)
    .data                                    0x200000e8   Section        4  stdout.o(.data)
    .bss                                     0x200000ec   Section       64  usart.o(.bss)
    .bss                                     0x2000012c   Section       72  stm32f1xx_hal_timebase_tim.o(.bss)
    .bss                                     0x20000174   Section       64  los_swtmr.o(.bss)
    .bss                                     0x200001b4   Section      342  los_task.o(.bss)
    STACK                                    0x20000310   Section     1024  startup_stm32f103xb.o(STACK)

    Global Symbols

    Symbol Name                              Value     Ov Type        Size  Object(Section)

    BuildAttributes$$THM_ISAv4$P$D$K$B$S$PE$A:L22UL41UL21$X:L11$S22US41US21$IEEE1$IW$USESV6$~STKCKD$USESV7$~SHL$OSPACE$ROPI$EBA8$MICROLIB$REQ8$PRES8$EABIv2 0x00000000   Number         0  anon$$obj.o ABSOLUTE
    __ARM_use_no_argv                        0x00000000   Number         0  main.o ABSOLUTE
    _printf_a                                0x00000000   Number         0  stubs.o ABSOLUTE
    _printf_c                                0x00000000   Number         0  stubs.o ABSOLUTE
    _printf_charcount                        0x00000000   Number         0  stubs.o ABSOLUTE
    _printf_d                                0x00000000   Number         0  stubs.o ABSOLUTE
    _printf_e                                0x00000000   Number         0  stubs.o ABSOLUTE
    _printf_f                                0x00000000   Number         0  stubs.o ABSOLUTE
    _printf_flags                            0x00000000   Number         0  stubs.o ABSOLUTE
    _printf_fp_dec                           0x00000000   Number         0  stubs.o ABSOLUTE
    _printf_fp_hex                           0x00000000   Number         0  stubs.o ABSOLUTE
    _printf_g                                0x00000000   Number         0  stubs.o ABSOLUTE
    _printf_i                                0x00000000   Number         0  stubs.o ABSOLUTE
    _printf_int_dec                          0x00000000   Number         0  stubs.o ABSOLUTE
    _printf_l                                0x00000000   Number         0  stubs.o ABSOLUTE
    _printf_lc                               0x00000000   Number         0  stubs.o ABSOLUTE
    _printf_ll                               0x00000000   Number         0  stubs.o ABSOLUTE
    _printf_lld                              0x00000000   Number         0  stubs.o ABSOLUTE
    _printf_lli                              0x00000000   Number         0  stubs.o ABSOLUTE
    _printf_llo                              0x00000000   Number         0  stubs.o ABSOLUTE
    _printf_llu                              0x00000000   Number         0  stubs.o ABSOLUTE
    _printf_llx                              0x00000000   Number         0  stubs.o ABSOLUTE
    _printf_longlong_dec                     0x00000000   Number         0  stubs.o ABSOLUTE
    _printf_longlong_hex                     0x00000000   Number         0  stubs.o ABSOLUTE
    _printf_longlong_oct                     0x00000000   Number         0  stubs.o ABSOLUTE
    _printf_ls                               0x00000000   Number         0  stubs.o ABSOLUTE
    _printf_mbtowc                           0x00000000   Number         0  stubs.o ABSOLUTE
    _printf_n                                0x00000000   Number         0  stubs.o ABSOLUTE
    _printf_o                                0x00000000   Number         0  stubs.o ABSOLUTE
    _printf_p                                0x00000000   Number         0  stubs.o ABSOLUTE
    _printf_percent                          0x00000000   Number         0  stubs.o ABSOLUTE
    _printf_pre_padding                      0x00000000   Number         0  stubs.o ABSOLUTE
    _printf_return_value                     0x00000000   Number         0  stubs.o ABSOLUTE
    _printf_s                                0x00000000   Number         0  stubs.o ABSOLUTE
    _printf_sizespec                         0x00000000   Number         0  stubs.o ABSOLUTE
    _printf_str                              0x00000000   Number         0  stubs.o ABSOLUTE
    _printf_truncate_signed                  0x00000000   Number         0  stubs.o ABSOLUTE
    _printf_truncate_unsigned                0x00000000   Number         0  stubs.o ABSOLUTE
    _printf_u                                0x00000000   Number         0  stubs.o ABSOLUTE
    _printf_wc                               0x00000000   Number         0  stubs.o ABSOLUTE
    _printf_wctomb                           0x00000000   Number         0  stubs.o ABSOLUTE
    _printf_widthprec                        0x00000000   Number         0  stubs.o ABSOLUTE
    _printf_x                                0x00000000   Number         0  stubs.o ABSOLUTE
    __cpp_initialize__aeabi_                  - Undefined Weak Reference
    __cxa_finalize                            - Undefined Weak Reference
    __decompress                              - Undefined Weak Reference
    _clock_init                               - Undefined Weak Reference
    _microlib_exit                            - Undefined Weak Reference
    __Vectors_Size                           0x000000ec   Number         0  startup_stm32f103xb.o ABSOLUTE
    __Vectors                                0x08000000   Data           4  startup_stm32f103xb.o(RESET)
    __Vectors_End                            0x080000ec   Data           0  startup_stm32f103xb.o(RESET)
    __main                                   0x080000ed   Thumb Code     0  entry.o(.ARM.Collect$$$$00000000)
    _main_stk                                0x080000ed   Thumb Code     0  entry2.o(.ARM.Collect$$$$00000001)
    _main_scatterload                        0x080000f1   Thumb Code     0  entry5.o(.ARM.Collect$$$$00000004)
    __main_after_scatterload                 0x080000f5   Thumb Code     0  entry5.o(.ARM.Collect$$$$00000004)
    _main_clock                              0x080000f5   Thumb Code     0  entry7b.o(.ARM.Collect$$$$00000008)
    _main_cpp_init                           0x080000f5   Thumb Code     0  entry8b.o(.ARM.Collect$$$$0000000A)
    _main_init                               0x080000f5   Thumb Code     0  entry9a.o(.ARM.Collect$$$$0000000B)
    __rt_final_cpp                           0x080000fd   Thumb Code     0  entry10a.o(.ARM.Collect$$$$0000000D)
    __rt_final_exit                          0x080000fd   Thumb Code     0  entry11a.o(.ARM.Collect$$$$0000000F)
    Reset_Handler                            0x08000101   Thumb Code     8  startup_stm32f103xb.o(.text)
    ADC1_2_IRQHandler                        0x0800011b   Thumb Code     0  startup_stm32f103xb.o(.text)
    CAN1_RX1_IRQHandler                      0x0800011b   Thumb Code     0  startup_stm32f103xb.o(.text)
    CAN1_SCE_IRQHandler                      0x0800011b   Thumb Code     0  startup_stm32f103xb.o(.text)
    DMA1_Channel1_IRQHandler                 0x0800011b   Thumb Code     0  startup_stm32f103xb.o(.text)
    DMA1_Channel2_IRQHandler                 0x0800011b   Thumb Code     0  startup_stm32f103xb.o(.text)
    DMA1_Channel3_IRQHandler                 0x0800011b   Thumb Code     0  startup_stm32f103xb.o(.text)
    DMA1_Channel4_IRQHandler                 0x0800011b   Thumb Code     0  startup_stm32f103xb.o(.text)
    DMA1_Channel5_IRQHandler                 0x0800011b   Thumb Code     0  startup_stm32f103xb.o(.text)
    DMA1_Channel6_IRQHandler                 0x0800011b   Thumb Code     0  startup_stm32f103xb.o(.text)
    DMA1_Channel7_IRQHandler                 0x0800011b   Thumb Code     0  startup_stm32f103xb.o(.text)
    EXTI0_IRQHandler                         0x0800011b   Thumb Code     0  startup_stm32f103xb.o(.text)
    EXTI15_10_IRQHandler                     0x0800011b   Thumb Code     0  startup_stm32f103xb.o(.text)
    EXTI1_IRQHandler                         0x0800011b   Thumb Code     0  startup_stm32f103xb.o(.text)
    EXTI2_IRQHandler                         0x0800011b   Thumb Code     0  startup_stm32f103xb.o(.text)
    EXTI3_IRQHandler                         0x0800011b   Thumb Code     0  startup_stm32f103xb.o(.text)
    EXTI4_IRQHandler                         0x0800011b   Thumb Code     0  startup_stm32f103xb.o(.text)
    EXTI9_5_IRQHandler                       0x0800011b   Thumb Code     0  startup_stm32f103xb.o(.text)
    FLASH_IRQHandler                         0x0800011b   Thumb Code     0  startup_stm32f103xb.o(.text)
    I2C1_ER_IRQHandler                       0x0800011b   Thumb Code     0  startup_stm32f103xb.o(.text)
    I2C1_EV_IRQHandler                       0x0800011b   Thumb Code     0  startup_stm32f103xb.o(.text)
    I2C2_ER_IRQHandler                       0x0800011b   Thumb Code     0  startup_stm32f103xb.o(.text)
    I2C2_EV_IRQHandler                       0x0800011b   Thumb Code     0  startup_stm32f103xb.o(.text)
    PVD_IRQHandler                           0x0800011b   Thumb Code     0  startup_stm32f103xb.o(.text)
    RCC_IRQHandler                           0x0800011b   Thumb Code     0  startup_stm32f103xb.o(.text)
    RTC_Alarm_IRQHandler                     0x0800011b   Thumb Code     0  startup_stm32f103xb.o(.text)
    RTC_IRQHandler                           0x0800011b   Thumb Code     0  startup_stm32f103xb.o(.text)
    SPI1_IRQHandler                          0x0800011b   Thumb Code     0  startup_stm32f103xb.o(.text)
    SPI2_IRQHandler                          0x0800011b   Thumb Code     0  startup_stm32f103xb.o(.text)
    TAMPER_IRQHandler                        0x0800011b   Thumb Code     0  startup_stm32f103xb.o(.text)
    TIM1_BRK_IRQHandler                      0x0800011b   Thumb Code     0  startup_stm32f103xb.o(.text)
    TIM1_CC_IRQHandler                       0x0800011b   Thumb Code     0  startup_stm32f103xb.o(.text)
    TIM1_TRG_COM_IRQHandler                  0x0800011b   Thumb Code     0  startup_stm32f103xb.o(.text)
    TIM1_UP_IRQHandler                       0x0800011b   Thumb Code     0  startup_stm32f103xb.o(.text)
    TIM2_IRQHandler                          0x0800011b   Thumb Code     0  startup_stm32f103xb.o(.text)
    TIM3_IRQHandler                          0x0800011b   Thumb Code     0  startup_stm32f103xb.o(.text)
    USART1_IRQHandler                        0x0800011b   Thumb Code     0  startup_stm32f103xb.o(.text)
    USART2_IRQHandler                        0x0800011b   Thumb Code     0  startup_stm32f103xb.o(.text)
    USART3_IRQHandler                        0x0800011b   Thumb Code     0  startup_stm32f103xb.o(.text)
    USBWakeUp_IRQHandler                     0x0800011b   Thumb Code     0  startup_stm32f103xb.o(.text)
    USB_HP_CAN1_TX_IRQHandler                0x0800011b   Thumb Code     0  startup_stm32f103xb.o(.text)
    USB_LP_CAN1_RX0_IRQHandler               0x0800011b   Thumb Code     0  startup_stm32f103xb.o(.text)
    WWDG_IRQHandler                          0x0800011b   Thumb Code     0  startup_stm32f103xb.o(.text)
    LOS_StartToRun                           0x08000125   Thumb Code     0  los_dispatch_keil.o(.text)
    LOS_IntLock                              0x0800016d   Thumb Code     0  los_dispatch_keil.o(.text)
    LOS_IntUnLock                            0x08000175   Thumb Code     0  los_dispatch_keil.o(.text)
    LOS_IntRestore                           0x0800017d   Thumb Code     0  los_dispatch_keil.o(.text)
    osTaskSchedule                           0x08000183   Thumb Code     0  los_dispatch_keil.o(.text)
    PendSV_Handler                           0x0800018d   Thumb Code     0  los_dispatch_keil.o(.text)
    __aeabi_uldivmod                         0x080001f1   Thumb Code    98  uldiv.o(.text)
    __aeabi_llsr                             0x08000253   Thumb Code    32  llushr.o(.text)
    _ll_ushift_r                             0x08000253   Thumb Code     0  llushr.o(.text)
    __aeabi_memcpy                           0x08000273   Thumb Code    36  memcpya.o(.text)
    __aeabi_memcpy4                          0x08000273   Thumb Code     0  memcpya.o(.text)
    __aeabi_memcpy8                          0x08000273   Thumb Code     0  memcpya.o(.text)
    __aeabi_memset                           0x08000297   Thumb Code    14  memseta.o(.text)
    __aeabi_memset4                          0x08000297   Thumb Code     0  memseta.o(.text)
    __aeabi_memset8                          0x08000297   Thumb Code     0  memseta.o(.text)
    __aeabi_memclr                           0x080002a5   Thumb Code     4  memseta.o(.text)
    __aeabi_memclr4                          0x080002a5   Thumb Code     0  memseta.o(.text)
    __aeabi_memclr8                          0x080002a5   Thumb Code     0  memseta.o(.text)
    _memset$wrapper                          0x080002a9   Thumb Code    18  memseta.o(.text)
    __aeabi_llsl                             0x080002bb   Thumb Code    30  llshl.o(.text)
    _ll_shift_l                              0x080002bb   Thumb Code     0  llshl.o(.text)
    __scatterload                            0x080002d9   Thumb Code    28  init.o(.text)
    __scatterload_rt2                        0x080002d9   Thumb Code     0  init.o(.text)
    BusFault_Handler                         0x080002fd   Thumb Code     2  stm32f1xx_it.o(i.BusFault_Handler)
    DebugMon_Handler                         0x080002ff   Thumb Code     2  stm32f1xx_it.o(i.DebugMon_Handler)
    Error_Handler                            0x08000301   Thumb Code     2  main.o(i.Error_Handler)
    HAL_GPIO_Init                            0x08000305   Thumb Code   446  stm32f1xx_hal_gpio.o(i.HAL_GPIO_Init)
    HAL_GPIO_TogglePin                       0x080004e5   Thumb Code    16  stm32f1xx_hal_gpio.o(i.HAL_GPIO_TogglePin)
    HAL_GPIO_WritePin                        0x080004f5   Thumb Code    10  stm32f1xx_hal_gpio.o(i.HAL_GPIO_WritePin)
    HAL_GetTick                              0x08000501   Thumb Code     6  stm32f1xx_hal.o(i.HAL_GetTick)
    HAL_IncTick                              0x0800050d   Thumb Code    12  stm32f1xx_hal.o(i.HAL_IncTick)
    HAL_Init                                 0x0800051d   Thumb Code    32  stm32f1xx_hal.o(i.HAL_Init)
    HAL_InitTick                             0x08000541   Thumb Code   100  stm32f1xx_hal_timebase_tim.o(i.HAL_InitTick)
    HAL_MspInit                              0x080005b5   Thumb Code    52  stm32f1xx_hal_msp.o(i.HAL_MspInit)
    HAL_NVIC_EnableIRQ                       0x080005f1   Thumb Code    26  stm32f1xx_hal_cortex.o(i.HAL_NVIC_EnableIRQ)
    HAL_NVIC_SetPriority                     0x0800060d   Thumb Code    60  stm32f1xx_hal_cortex.o(i.HAL_NVIC_SetPriority)
    HAL_NVIC_SetPriorityGrouping             0x0800064d   Thumb Code    26  stm32f1xx_hal_cortex.o(i.HAL_NVIC_SetPriorityGrouping)
    HAL_RCC_ClockConfig                      0x08000671   Thumb Code   280  stm32f1xx_hal_rcc.o(i.HAL_RCC_ClockConfig)
    HAL_RCC_GetClockConfig                   0x0800079d   Thumb Code    54  stm32f1xx_hal_rcc.o(i.HAL_RCC_GetClockConfig)
    HAL_RCC_GetPCLK1Freq                     0x080007dd   Thumb Code    20  stm32f1xx_hal_rcc.o(i.HAL_RCC_GetPCLK1Freq)
    HAL_RCC_GetPCLK2Freq                     0x080007fd   Thumb Code    20  stm32f1xx_hal_rcc.o(i.HAL_RCC_GetPCLK2Freq)
    HAL_RCC_GetSysClockFreq                  0x0800081d   Thumb Code    74  stm32f1xx_hal_rcc.o(i.HAL_RCC_GetSysClockFreq)
    HAL_RCC_OscConfig                        0x08000889   Thumb Code   778  stm32f1xx_hal_rcc.o(i.HAL_RCC_OscConfig)
    HAL_TIMEx_BreakCallback                  0x08000ba9   Thumb Code     2  stm32f1xx_hal_tim_ex.o(i.HAL_TIMEx_BreakCallback)
    HAL_TIMEx_CommutCallback                 0x08000bab   Thumb Code     2  stm32f1xx_hal_tim_ex.o(i.HAL_TIMEx_CommutCallback)
    HAL_TIM_Base_Init                        0x08000bad   Thumb Code    90  stm32f1xx_hal_tim.o(i.HAL_TIM_Base_Init)
    HAL_TIM_Base_MspInit                     0x08000c07   Thumb Code     2  stm32f1xx_hal_tim.o(i.HAL_TIM_Base_MspInit)
    HAL_TIM_Base_Start_IT                    0x08000c09   Thumb Code    76  stm32f1xx_hal_tim.o(i.HAL_TIM_Base_Start_IT)
    HAL_TIM_IC_CaptureCallback               0x08000c61   Thumb Code     2  stm32f1xx_hal_tim.o(i.HAL_TIM_IC_CaptureCallback)
    HAL_TIM_IRQHandler                       0x08000c63   Thumb Code   358  stm32f1xx_hal_tim.o(i.HAL_TIM_IRQHandler)
    HAL_TIM_OC_DelayElapsedCallback          0x08000dc9   Thumb Code     2  stm32f1xx_hal_tim.o(i.HAL_TIM_OC_DelayElapsedCallback)
    HAL_TIM_PWM_PulseFinishedCallback        0x08000dcb   Thumb Code     2  stm32f1xx_hal_tim.o(i.HAL_TIM_PWM_PulseFinishedCallback)
    HAL_TIM_PeriodElapsedCallback            0x08000dcd   Thumb Code    14  main.o(i.HAL_TIM_PeriodElapsedCallback)
    HAL_TIM_TriggerCallback                  0x08000de1   Thumb Code     2  stm32f1xx_hal_tim.o(i.HAL_TIM_TriggerCallback)
    HAL_UART_Init                            0x08000de3   Thumb Code    98  stm32f1xx_hal_uart.o(i.HAL_UART_Init)
    HAL_UART_MspInit                         0x08000e45   Thumb Code   100  usart.o(i.HAL_UART_MspInit)
    HardFault_Handler                        0x08000eb5   Thumb Code     2  stm32f1xx_it.o(i.HardFault_Handler)
    LOS_Align                                0x08000eb7   Thumb Code    20  los_misc.o(i.LOS_Align)
    LOS_KernelInit                           0x08000ecd   Thumb Code   130  los_init.o(i.LOS_KernelInit)
    LOS_MemAlloc                             0x0800100f   Thumb Code    40  los_memory.o(i.LOS_MemAlloc)
    LOS_MemAllocAlign                        0x08001037   Thumb Code     4  los_memory.o(i.LOS_MemAllocAlign)
    LOS_MemFree                              0x0800103b   Thumb Code    38  los_memory.o(i.LOS_MemFree)
    LOS_MemInit                              0x08001061   Thumb Code   160  los_memory.o(i.LOS_MemInit)
    LOS_QueueCreate                          0x0800113d   Thumb Code   182  los_queue.o(i.LOS_QueueCreate)
    LOS_QueueReadCopy                        0x08001201   Thumb Code    34  los_queue.o(i.LOS_QueueReadCopy)
    LOS_QueueWriteCopy                       0x08001223   Thumb Code    38  los_queue.o(i.LOS_QueueWriteCopy)
    LOS_Schedule                             0x08001249   Thumb Code    54  los_hw.o(i.LOS_Schedule)
    LOS_Start                                0x08001289   Thumb Code    32  los_init.o(i.LOS_Start)
    LOS_TaskCreate                           0x080012c5   Thumb Code   106  los_task.o(i.LOS_TaskCreate)
    LOS_TaskCreateOnly                       0x08001335   Thumb Code   310  los_task.o(i.LOS_TaskCreateOnly)
    LOS_TaskDelay                            0x08001485   Thumb Code    94  los_task.o(i.LOS_TaskDelay)
    LOS_TaskDelete                           0x080014f1   Thumb Code   298  los_task.o(i.LOS_TaskDelete)
    LOS_TaskYield                            0x08001629   Thumb Code   102  los_task.o(i.LOS_TaskYield)
    LOS_TickCountGet                         0x08001699   Thumb Code     8  los_sys.o(i.LOS_TickCountGet)
    MX_GPIO_Init                             0x080016a5   Thumb Code   204  gpio.o(i.MX_GPIO_Init)
    MX_USART1_UART_Init                      0x08001785   Thumb Code    48  usart.o(i.MX_USART1_UART_Init)
    MemManage_Handler                        0x080017bd   Thumb Code     2  stm32f1xx_it.o(i.MemManage_Handler)
    NMI_Handler                              0x080017bf   Thumb Code     2  stm32f1xx_it.o(i.NMI_Handler)
    SVC_Handler                              0x080017c1   Thumb Code     2  stm32f1xx_it.o(i.SVC_Handler)
    SysTick_Handler                          0x080017c5   Thumb Code    28  los_hwi.o(i.SysTick_Handler)
    SystemClock_Config                       0x080017e9   Thumb Code    78  main.o(i.SystemClock_Config)
    SystemInit                               0x08001837   Thumb Code     2  system_stm32f1xx.o(i.SystemInit)
    TIM4_IRQHandler                          0x08001839   Thumb Code     6  stm32f1xx_it.o(i.TIM4_IRQHandler)
    TIM_Base_SetConfig                       0x08001845   Thumb Code    94  stm32f1xx_hal_tim.o(i.TIM_Base_SetConfig)
    UsageFault_Handler                       0x08001969   Thumb Code     2  stm32f1xx_it.o(i.UsageFault_Handler)
    __0printf$8                              0x0800196d   Thumb Code    22  printf8.o(i.__0printf$8)
    __1printf$8                              0x0800196d   Thumb Code     0  printf8.o(i.__0printf$8)
    __2printf                                0x0800196d   Thumb Code     0  printf8.o(i.__0printf$8)
    __scatterload_copy                       0x080019ad   Thumb Code    14  handlers.o(i.__scatterload_copy)
    __scatterload_null                       0x080019bb   Thumb Code     2  handlers.o(i.__scatterload_null)
    __scatterload_zeroinit                   0x080019bd   Thumb Code    14  handlers.o(i.__scatterload_zeroinit)
    fputc                                    0x08001e31   Thumb Code    18  main.o(i.fputc)
    led1_task                                0x08001e49   Thumb Code    26  main.o(i.led1_task)
    led2_task                                0x08001e69   Thumb Code    22  main.o(i.led2_task)
    main                                     0x08001e85   Thumb Code   146  main.o(i.main)
    osAlarmHeapInfo                          0x08001fa9   Thumb Code    26  los_heap.o(i.osAlarmHeapInfo)
    osAtomicBitsetClearBit                   0x08001fc3   Thumb Code    30  los_slab.o(i.osAtomicBitsetClearBit)
    osAtomicBitsetFindClearAndSet            0x08001fe1   Thumb Code    66  los_slab.o(i.osAtomicBitsetFindClearAndSet)
    osAtomicBitsetGetBit                     0x08002023   Thumb Code    34  los_slab.o(i.osAtomicBitsetGetBit)
    osAtomicBitsetInit                       0x08002045   Thumb Code    44  los_slab.o(i.osAtomicBitsetInit)
    osHeapAlloc                              0x08002071   Thumb Code   228  los_heap.o(i.osHeapAlloc)
    osHeapAllocAlign                         0x08002191   Thumb Code    58  los_heap.o(i.osHeapAllocAlign)
    osHeapFree                               0x080021cd   Thumb Code   232  los_heap.o(i.osHeapFree)
    osHeapInit                               0x080022d5   Thumb Code    58  los_heap.o(i.osHeapInit)
    osHeapPrvGetNext                         0x0800230f   Thumb Code    22  los_heap.o(i.osHeapPrvGetNext)
    osHeapStatisticsGet                      0x08002325   Thumb Code    66  los_heap.o(i.osHeapStatisticsGet)
    osIdleTask                               0x0800236d   Thumb Code     2  los_task.o(i.osIdleTask)
    osIdleTaskCreate                         0x08002371   Thumb Code    44  los_task.o(i.osIdleTaskCreate)
    osIntNumGet                              0x080023b1   Thumb Code     6  los_hwi.o(i.osIntNumGet)
    osMemSystemInit                          0x080023b9   Thumb Code    10  los_memory.o(i.osMemSystemInit)
    osMuxInit                                0x080023cd   Thumb Code    74  los_mux.o(i.osMuxInit)
    osPriqueueDequeue                        0x08002425   Thumb Code    50  los_priqueue.o(i.osPriqueueDequeue)
    osPriqueueEnqueue                        0x0800245d   Thumb Code    44  los_priqueue.o(i.osPriqueueEnqueue)
    osPriqueueInit                           0x0800248d   Thumb Code    42  los_priqueue.o(i.osPriqueueInit)
    osPriqueueSize                           0x080024c1   Thumb Code    30  los_priqueue.o(i.osPriqueueSize)
    osPriqueueTop                            0x080024e5   Thumb Code    24  los_priqueue.o(i.osPriqueueTop)
    osQueueInit                              0x080025d1   Thumb Code    80  los_queue.o(i.osQueueInit)
    osQueueOperate                           0x0800262d   Thumb Code   342  los_queue.o(i.osQueueOperate)
    osSchedule                               0x080027fd   Thumb Code     4  los_hw.o(i.osSchedule)
    osSemInit                                0x08002801   Thumb Code    72  los_sem.o(i.osSemInit)
    osSlabAllocatorAlloc                     0x08002855   Thumb Code    28  los_slab.o(i.osSlabAllocatorAlloc)
    osSlabAllocatorFree                      0x08002871   Thumb Code    56  los_slab.o(i.osSlabAllocatorFree)
    osSlabAllocatorNew                       0x080028a9   Thumb Code    70  los_slab.o(i.osSlabAllocatorNew)
    osSlabBlockHeadFill                      0x080028ef   Thumb Code    20  los_slabmem.o(i.osSlabBlockHeadFill)
    osSlabCtrlHdrGet                         0x08002903   Thumb Code     4  los_memory.o(i.osSlabCtrlHdrGet)
    osSlabMemAlloc                           0x08002907   Thumb Code    98  los_slabmem.o(i.osSlabMemAlloc)
    osSlabMemFree                            0x08002969   Thumb Code    94  los_slabmem.o(i.osSlabMemFree)
    osSlabMemInit                            0x080029c9   Thumb Code    82  los_slabmem.o(i.osSlabMemInit)
    osSwTmrInit                              0x08002a1d   Thumb Code   112  los_swtmr.o(i.osSwTmrInit)
    osSwTmrStart                             0x08002a9d   Thumb Code   382  los_swtmr.o(i.osSwTmrStart)
    osSwTmrTask                              0x08002c25   Thumb Code    56  los_swtmr.o(i.osSwTmrTask)
    osSwTmrTaskCreate                        0x08002c61   Thumb Code    44  los_swtmr.o(i.osSwTmrTaskCreate)
    osSwtmrScan                              0x08002d2d   Thumb Code    24  los_swtmr.o(i.osSwtmrScan)
    osTaskAdd2TimerList                      0x08002d49   Thumb Code   126  los_task.o(i.osTaskAdd2TimerList)
    osTaskEntry                              0x08002dcd   Thumb Code    38  los_task.o(i.osTaskEntry)
    osTaskExit                               0x08002df9   Thumb Code     4  los_hw.o(i.osTaskExit)
    osTaskInit                               0x08002dfd   Thumb Code   200  los_task.o(i.osTaskInit)
    osTaskMonInit                            0x08002ed1   Thumb Code    30  los_task.o(i.osTaskMonInit)
    osTaskScan                               0x08002efd   Thumb Code   174  los_task.o(i.osTaskScan)
    osTaskSwitchCheck                        0x08002fb1   Thumb Code   170  los_task.o(i.osTaskSwitchCheck)
    osTaskWait                               0x080030ed   Thumb Code    70  los_task.o(i.osTaskWait)
    osTaskWake                               0x08003139   Thumb Code    64  los_task.o(i.osTaskWake)
    osTickHandler                            0x08003179   Thumb Code    34  los_tick.o(i.osTickHandler)
    osTickStart                              0x080031a1   Thumb Code    86  los_hw_tick.o(i.osTickStart)
    osTimerListDelete                        0x08003211   Thumb Code    48  los_task.o(i.osTimerListDelete)
    osTimesliceCheck                         0x08003245   Thumb Code    44  los_timeslice.o(i.osTimesliceCheck)
    osTimesliceInit                          0x0800327d   Thumb Code    12  los_timeslice.o(i.osTimesliceInit)
    osTskStackInit                           0x0800328d   Thumb Code   120  los_hw.o(i.osTskStackInit)
    print_task                               0x0800330d   Thumb Code    18  main.o(i.print_task)
    AHBPrescTable                            0x08003334   Data          16  system_stm32f1xx.o(.constdata)
    APBPrescTable                            0x08003344   Data           8  system_stm32f1xx.o(.constdata)
    Region$$Table$$Base                      0x0800334c   Number         0  anon$$obj.o(Region$$Table)
    Region$$Table$$Limit                     0x0800336c   Number         0  anon$$obj.o(Region$$Table)
    led1_task_handle                         0x20000000   Data           4  main.o(.data)
    led2_task_handle                         0x20000004   Data           4  main.o(.data)
    print_task_handle                        0x20000008   Data           4  main.o(.data)
    uwTickFreq                               0x2000000c   Data           1  stm32f1xx_hal.o(.data)
    uwTickPrio                               0x20000010   Data           4  stm32f1xx_hal.o(.data)
    uwTick                                   0x20000014   Data           4  stm32f1xx_hal.o(.data)
    SystemCoreClock                          0x20000018   Data           4  system_stm32f1xx.o(.data)
    g_pstLosPriorityQueueList                0x20000020   Data           4  los_priqueue.o(.data)
    m_uwSwTmrHandlerQueue                    0x20000030   Data           4  los_swtmr.o(.data)
    m_pstSwtmrCBArray                        0x20000034   Data           4  los_swtmr.o(.data)
    m_pstSwtmrFreeList                       0x20000038   Data           4  los_swtmr.o(.data)
    m_pstSwtmrSortList                       0x2000003c   Data           4  los_swtmr.o(.data)
    g_usLosTaskLock                          0x20000040   Data           2  los_task.o(.data)
    g_pfnTskSwitchHook                       0x20000044   Data           4  los_task.o(.data)
    g_pfnUsrTskSwitchHook                    0x20000048   Data           4  los_task.o(.data)
    g_pstTaskCBArray                         0x2000004c   Data           4  los_task.o(.data)
    g_uwTskMaxNum                            0x20000050   Data           4  los_task.o(.data)
    g_uwIdleTaskID                           0x20000054   Data           4  los_task.o(.data)
    g_uwSwtmrTaskID                          0x20000058   Data           4  los_task.o(.data)
    g_bTaskScheduled                         0x2000005c   Data           4  los_task.o(.data)
    g_stLosTask                              0x20000060   Data           8  los_task.o(.data)
    g_stTaskTimerList                        0x20000068   Data           8  los_task.o(.data)
    g_stLosFreeTask                          0x20000070   Data           8  los_task.o(.data)
    g_stTskRecyleList                        0x20000078   Data           8  los_task.o(.data)
    g_stTskSortLink                          0x20000080   Data           8  los_task.o(.data)
    g_bSysTickStart                          0x20000088   Data           4  los_tick.o(.data)
    g_uwSysClock                             0x20000090   Data           4  los_tick.o(.data)
    g_ullTickCount                           0x20000098   Data           8  los_tick.o(.data)
    g_uwCyclesPerTick                        0x200000a0   Data           4  los_tick.o(.data)
    g_stTaskTimeSlice                        0x200000a4   Data           8  los_timeslice.o(.data)
    g_pstAllMux                              0x200000ac   Data           4  los_mux.o(.data)
    g_stUnusedMuxList                        0x200000b0   Data           8  los_mux.o(.data)
    g_pstAllQueue                            0x200000b8   Data           4  los_queue.o(.data)
    g_stFreeQueueList                        0x200000bc   Data           8  los_queue.o(.data)
    g_pstAllSem                              0x200000c4   Data           4  los_sem.o(.data)
    g_stUnusedSemList                        0x200000c8   Data           8  los_sem.o(.data)
    g_pPoolHead                              0x200000e0   Data           4  los_memory.o(.data)
    m_aucSysMem0                             0x200000e4   Data           4  los_init.o(.data)
    __stdout                                 0x200000e8   Data           4  stdout.o(.data)
    huart1                                   0x200000ec   Data          64  usart.o(.bss)
    htim4                                    0x2000012c   Data          72  stm32f1xx_hal_timebase_tim.o(.bss)
    m_uwSwTmrAlignID                         0x20000174   Data          64  los_swtmr.o(.bss)
    g_astTskSwitchInfo                       0x200001b4   Data         342  los_task.o(.bss)
    Image$$RW_IRAM1$$ZI$$Limit               0x20000710   Number         0  anon$$obj.o ABSOLUTE
    __initial_sp                             0x20000710   Data           0  startup_stm32f103xb.o(STACK)



==============================================================================

Memory Map of the image

  Image Entry point : 0x080000ed

  Load Region LR_IROM1 (Base: 0x08000000, Size: 0x00003458, Max: 0x00020000, ABSOLUTE)

    Execution Region ER_IROM1 (Base: 0x08000000, Size: 0x0000336c, Max: 0x00020000, ABSOLUTE)

    Base Addr    Size         Type   Attr      Idx    E Section Name        Object

    0x08000000   0x000000ec   Data   RO            3    RESET               startup_stm32f103xb.o
    0x080000ec   0x00000000   Code   RO         4611  * .ARM.Collect$$$$00000000  mc_w.l(entry.o)
    0x080000ec   0x00000004   Code   RO         4895    .ARM.Collect$$$$00000001  mc_w.l(entry2.o)
    0x080000f0   0x00000004   Code   RO         4898    .ARM.Collect$$$$00000004  mc_w.l(entry5.o)
    0x080000f4   0x00000000   Code   RO         4900    .ARM.Collect$$$$00000008  mc_w.l(entry7b.o)
    0x080000f4   0x00000000   Code   RO         4902    .ARM.Collect$$$$0000000A  mc_w.l(entry8b.o)
    0x080000f4   0x00000008   Code   RO         4903    .ARM.Collect$$$$0000000B  mc_w.l(entry9a.o)
    0x080000fc   0x00000000   Code   RO         4905    .ARM.Collect$$$$0000000D  mc_w.l(entry10a.o)
    0x080000fc   0x00000000   Code   RO         4907    .ARM.Collect$$$$0000000F  mc_w.l(entry11a.o)
    0x080000fc   0x00000004   Code   RO         4896    .ARM.Collect$$$$00002712  mc_w.l(entry2.o)
    0x08000100   0x00000024   Code   RO            4    .text               startup_stm32f103xb.o
    0x08000124   0x000000cc   Code   RO         2796    .text               los_dispatch_keil.o
    0x080001f0   0x00000062   Code   RO         4614    .text               mc_w.l(uldiv.o)
    0x08000252   0x00000020   Code   RO         4616    .text               mc_w.l(llushr.o)
    0x08000272   0x00000024   Code   RO         4618    .text               mc_w.l(memcpya.o)
    0x08000296   0x00000024   Code   RO         4620    .text               mc_w.l(memseta.o)
    0x080002ba   0x0000001e   Code   RO         4912    .text               mc_w.l(llshl.o)
    0x080002d8   0x00000024   Code   RO         4923    .text               mc_w.l(init.o)
    0x080002fc   0x00000002   Code   RO          323    i.BusFault_Handler  stm32f1xx_it.o
    0x080002fe   0x00000002   Code   RO          324    i.DebugMon_Handler  stm32f1xx_it.o
    0x08000300   0x00000002   Code   RO           13    i.Error_Handler     main.o
    0x08000302   0x00000002   PAD
    0x08000304   0x000001e0   Code   RO         2101    i.HAL_GPIO_Init     stm32f1xx_hal_gpio.o
    0x080004e4   0x00000010   Code   RO         2104    i.HAL_GPIO_TogglePin  stm32f1xx_hal_gpio.o
    0x080004f4   0x0000000a   Code   RO         2105    i.HAL_GPIO_WritePin  stm32f1xx_hal_gpio.o
    0x080004fe   0x00000002   PAD
    0x08000500   0x0000000c   Code   RO         1797    i.HAL_GetTick       stm32f1xx_hal.o
    0x0800050c   0x00000010   Code   RO         1803    i.HAL_IncTick       stm32f1xx_hal.o
    0x0800051c   0x00000024   Code   RO         1804    i.HAL_Init          stm32f1xx_hal.o
    0x08000540   0x00000074   Code   RO          417    i.HAL_InitTick      stm32f1xx_hal_timebase_tim.o
    0x080005b4   0x0000003c   Code   RO          393    i.HAL_MspInit       stm32f1xx_hal_msp.o
    0x080005f0   0x0000001a   Code   RO         2261    i.HAL_NVIC_EnableIRQ  stm32f1xx_hal_cortex.o
    0x0800060a   0x00000002   PAD
    0x0800060c   0x00000040   Code   RO         2267    i.HAL_NVIC_SetPriority  stm32f1xx_hal_cortex.o
    0x0800064c   0x00000024   Code   RO         2268    i.HAL_NVIC_SetPriorityGrouping  stm32f1xx_hal_cortex.o
    0x08000670   0x0000012c   Code   RO         1961    i.HAL_RCC_ClockConfig  stm32f1xx_hal_rcc.o
    0x0800079c   0x00000040   Code   RO         1965    i.HAL_RCC_GetClockConfig  stm32f1xx_hal_rcc.o
    0x080007dc   0x00000020   Code   RO         1968    i.HAL_RCC_GetPCLK1Freq  stm32f1xx_hal_rcc.o
    0x080007fc   0x00000020   Code   RO         1969    i.HAL_RCC_GetPCLK2Freq  stm32f1xx_hal_rcc.o
    0x0800081c   0x0000006c   Code   RO         1970    i.HAL_RCC_GetSysClockFreq  stm32f1xx_hal_rcc.o
    0x08000888   0x00000320   Code   RO         1973    i.HAL_RCC_OscConfig  stm32f1xx_hal_rcc.o
    0x08000ba8   0x00000002   Code   RO         1198    i.HAL_TIMEx_BreakCallback  stm32f1xx_hal_tim_ex.o
    0x08000baa   0x00000002   Code   RO         1199    i.HAL_TIMEx_CommutCallback  stm32f1xx_hal_tim_ex.o
    0x08000bac   0x0000005a   Code   RO          494    i.HAL_TIM_Base_Init  stm32f1xx_hal_tim.o
    0x08000c06   0x00000002   Code   RO          496    i.HAL_TIM_Base_MspInit  stm32f1xx_hal_tim.o
    0x08000c08   0x00000058   Code   RO          499    i.HAL_TIM_Base_Start_IT  stm32f1xx_hal_tim.o
    0x08000c60   0x00000002   Code   RO          528    i.HAL_TIM_IC_CaptureCallback  stm32f1xx_hal_tim.o
    0x08000c62   0x00000166   Code   RO          542    i.HAL_TIM_IRQHandler  stm32f1xx_hal_tim.o
    0x08000dc8   0x00000002   Code   RO          545    i.HAL_TIM_OC_DelayElapsedCallback  stm32f1xx_hal_tim.o
    0x08000dca   0x00000002   Code   RO          572    i.HAL_TIM_PWM_PulseFinishedCallback  stm32f1xx_hal_tim.o
    0x08000dcc   0x00000014   Code   RO           14    i.HAL_TIM_PeriodElapsedCallback  main.o
    0x08000de0   0x00000002   Code   RO          585    i.HAL_TIM_TriggerCallback  stm32f1xx_hal_tim.o
    0x08000de2   0x00000062   Code   RO         1490    i.HAL_UART_Init     stm32f1xx_hal_uart.o
    0x08000e44   0x00000070   Code   RO          282    i.HAL_UART_MspInit  usart.o
    0x08000eb4   0x00000002   Code   RO          325    i.HardFault_Handler  stm32f1xx_it.o
    0x08000eb6   0x00000014   Code   RO         4471    i.LOS_Align         los_misc.o
    0x08000eca   0x00000002   PAD
    0x08000ecc   0x000000f0   Code   RO         4565    i.LOS_KernelInit    los_init.o
    0x08000fbc   0x0000000e   Code   RO         3293    i.LOS_ListAdd       los_task.o
    0x08000fca   0x0000000e   Code   RO         3745    i.LOS_ListAdd       los_mux.o
    0x08000fd8   0x0000000e   Code   RO         3810    i.LOS_ListAdd       los_queue.o
    0x08000fe6   0x0000000e   Code   RO         3941    i.LOS_ListAdd       los_sem.o
    0x08000ff4   0x00000014   Code   RO         3294    i.LOS_ListDelete    los_task.o
    0x08001008   0x00000006   Code   RO         3295    i.LOS_ListTailInsert  los_task.o
    0x0800100e   0x00000028   Code   RO         4087    i.LOS_MemAlloc      los_memory.o
    0x08001036   0x00000004   Code   RO         4088    i.LOS_MemAllocAlign  los_memory.o
    0x0800103a   0x00000026   Code   RO         4090    i.LOS_MemFree       los_memory.o
    0x08001060   0x000000dc   Code   RO         4092    i.LOS_MemInit       los_memory.o
    0x0800113c   0x000000c4   Code   RO         3811    i.LOS_QueueCreate   los_queue.o
    0x08001200   0x00000022   Code   RO         3815    i.LOS_QueueReadCopy  los_queue.o
    0x08001222   0x00000026   Code   RO         3817    i.LOS_QueueWriteCopy  los_queue.o
    0x08001248   0x00000040   Code   RO         2802    i.LOS_Schedule      los_hw.o
    0x08001288   0x0000003c   Code   RO         4567    i.LOS_Start         los_init.o
    0x080012c4   0x00000070   Code   RO         3298    i.LOS_TaskCreate    los_task.o
    0x08001334   0x00000150   Code   RO         3299    i.LOS_TaskCreateOnly  los_task.o
    0x08001484   0x0000006c   Code   RO         3300    i.LOS_TaskDelay     los_task.o
    0x080014f0   0x00000138   Code   RO         3301    i.LOS_TaskDelete    los_task.o
    0x08001628   0x00000070   Code   RO         3314    i.LOS_TaskYield     los_task.o
    0x08001698   0x0000000c   Code   RO         3233    i.LOS_TickCountGet  los_sys.o
    0x080016a4   0x000000e0   Code   RO          257    i.MX_GPIO_Init      gpio.o
    0x08001784   0x00000038   Code   RO          283    i.MX_USART1_UART_Init  usart.o
    0x080017bc   0x00000002   Code   RO          326    i.MemManage_Handler  stm32f1xx_it.o
    0x080017be   0x00000002   Code   RO          327    i.NMI_Handler       stm32f1xx_it.o
    0x080017c0   0x00000002   Code   RO          328    i.SVC_Handler       stm32f1xx_it.o
    0x080017c2   0x00000002   PAD
    0x080017c4   0x00000024   Code   RO         2949    i.SysTick_Handler   los_hwi.o
    0x080017e8   0x0000004e   Code   RO           15    i.SystemClock_Config  main.o
    0x08001836   0x00000002   Code   RO         2762    i.SystemInit        system_stm32f1xx.o
    0x08001838   0x0000000c   Code   RO          329    i.TIM4_IRQHandler   stm32f1xx_it.o
    0x08001844   0x0000006c   Code   RO          587    i.TIM_Base_SetConfig  stm32f1xx_hal_tim.o
    0x080018b0   0x000000b8   Code   RO         1516    i.UART_SetConfig    stm32f1xx_hal_uart.o
    0x08001968   0x00000002   Code   RO          330    i.UsageFault_Handler  stm32f1xx_it.o
    0x0800196a   0x00000002   PAD
    0x0800196c   0x00000020   Code   RO         4833    i.__0printf$8       mc_w.l(printf8.o)
    0x0800198c   0x00000020   Code   RO         2274    i.__NVIC_SetPriority  stm32f1xx_hal_cortex.o
    0x080019ac   0x0000000e   Code   RO         4929    i.__scatterload_copy  mc_w.l(handlers.o)
    0x080019ba   0x00000002   Code   RO         4930    i.__scatterload_null  mc_w.l(handlers.o)
    0x080019bc   0x0000000e   Code   RO         4931    i.__scatterload_zeroinit  mc_w.l(handlers.o)
    0x080019ca   0x00000002   PAD
    0x080019cc   0x00000410   Code   RO         4840    i._printf_core      mc_w.l(printf8.o)
    0x08001ddc   0x00000024   Code   RO         4841    i._printf_post_padding  mc_w.l(printf8.o)
    0x08001e00   0x0000002e   Code   RO         4842    i._printf_pre_padding  mc_w.l(printf8.o)
    0x08001e2e   0x00000002   PAD
    0x08001e30   0x00000018   Code   RO           16    i.fputc             main.o
    0x08001e48   0x00000020   Code   RO           17    i.led1_task         main.o
    0x08001e68   0x0000001c   Code   RO           18    i.led2_task         main.o
    0x08001e84   0x00000124   Code   RO           19    i.main              main.o
    0x08001fa8   0x0000001a   Code   RO         4014    i.osAlarmHeapInfo   los_heap.o
    0x08001fc2   0x0000001e   Code   RO         4226    i.osAtomicBitsetClearBit  los_slab.o
    0x08001fe0   0x00000042   Code   RO         4228    i.osAtomicBitsetFindClearAndSet  los_slab.o
    0x08002022   0x00000022   Code   RO         4229    i.osAtomicBitsetGetBit  los_slab.o
    0x08002044   0x0000002c   Code   RO         4231    i.osAtomicBitsetInit  los_slab.o
    0x08002070   0x00000120   Code   RO         4015    i.osHeapAlloc       los_heap.o
    0x08002190   0x0000003a   Code   RO         4016    i.osHeapAllocAlign  los_heap.o
    0x080021ca   0x00000002   PAD
    0x080021cc   0x00000108   Code   RO         4017    i.osHeapFree        los_heap.o
    0x080022d4   0x0000003a   Code   RO         4020    i.osHeapInit        los_heap.o
    0x0800230e   0x00000016   Code   RO         4021    i.osHeapPrvGetNext  los_heap.o
    0x08002324   0x00000048   Code   RO         4022    i.osHeapStatisticsGet  los_heap.o
    0x0800236c   0x00000002   Code   RO         3318    i.osIdleTask        los_task.o
    0x0800236e   0x00000002   PAD
    0x08002370   0x00000040   Code   RO         3319    i.osIdleTaskCreate  los_task.o
    0x080023b0   0x00000006   Code   RO         2950    i.osIntNumGet       los_hwi.o
    0x080023b6   0x00000002   PAD
    0x080023b8   0x00000014   Code   RO         4096    i.osMemSystemInit   los_memory.o
    0x080023cc   0x00000058   Code   RO         3750    i.osMuxInit         los_mux.o
    0x08002424   0x00000038   Code   RO         2982    i.osPriqueueDequeue  los_priqueue.o
    0x0800245c   0x00000030   Code   RO         2983    i.osPriqueueEnqueue  los_priqueue.o
    0x0800248c   0x00000034   Code   RO         2984    i.osPriqueueInit    los_priqueue.o
    0x080024c0   0x00000024   Code   RO         2985    i.osPriqueueSize    los_priqueue.o
    0x080024e4   0x0000001c   Code   RO         2986    i.osPriqueueTop     los_priqueue.o
    0x08002500   0x000000d0   Code   RO         3820    i.osQueueBufferOperate  los_queue.o
    0x080025d0   0x0000005c   Code   RO         3821    i.osQueueInit       los_queue.o
    0x0800262c   0x00000168   Code   RO         3824    i.osQueueOperate    los_queue.o
    0x08002794   0x00000034   Code   RO         3825    i.osQueueReadParameterCheck  los_queue.o
    0x080027c8   0x00000034   Code   RO         3826    i.osQueueWriteParameterCheck  los_queue.o
    0x080027fc   0x00000004   Code   RO         2804    i.osSchedule        los_hw.o
    0x08002800   0x00000054   Code   RO         3947    i.osSemInit         los_sem.o
    0x08002854   0x0000001c   Code   RO         4232    i.osSlabAllocatorAlloc  los_slab.o
    0x08002870   0x00000038   Code   RO         4236    i.osSlabAllocatorFree  los_slab.o
    0x080028a8   0x00000046   Code   RO         4243    i.osSlabAllocatorNew  los_slab.o
    0x080028ee   0x00000014   Code   RO         4357    i.osSlabBlockHeadFill  los_slabmem.o
    0x08002902   0x00000004   Code   RO         4097    i.osSlabCtrlHdrGet  los_memory.o
    0x08002906   0x00000062   Code   RO         4359    i.osSlabMemAlloc    los_slabmem.o
    0x08002968   0x0000005e   Code   RO         4362    i.osSlabMemFree     los_slabmem.o
    0x080029c6   0x00000002   PAD
    0x080029c8   0x00000052   Code   RO         4363    i.osSlabMemInit     los_slabmem.o
    0x08002a1a   0x00000002   PAD
    0x08002a1c   0x00000080   Code   RO         3078    i.osSwTmrInit       los_swtmr.o
    0x08002a9c   0x00000188   Code   RO         3079    i.osSwTmrStart      los_swtmr.o
    0x08002c24   0x0000003c   Code   RO         3080    i.osSwTmrTask       los_swtmr.o
    0x08002c60   0x00000040   Code   RO         3081    i.osSwTmrTaskCreate  los_swtmr.o
    0x08002ca0   0x00000068   Code   RO         3082    i.osSwTmrTimeoutHandle  los_swtmr.o
    0x08002d08   0x00000024   Code   RO         3084    i.osSwtmrDelete     los_swtmr.o
    0x08002d2c   0x0000001c   Code   RO         3085    i.osSwtmrScan       los_swtmr.o
    0x08002d48   0x00000084   Code   RO         3320    i.osTaskAdd2TimerList  los_task.o
    0x08002dcc   0x0000002c   Code   RO         3321    i.osTaskEntry       los_task.o
    0x08002df8   0x00000004   Code   RO         2805    i.osTaskExit        los_hw.o
    0x08002dfc   0x000000d4   Code   RO         3322    i.osTaskInit        los_task.o
    0x08002ed0   0x0000002c   Code   RO         3323    i.osTaskMonInit     los_task.o
    0x08002efc   0x000000b4   Code   RO         3325    i.osTaskScan        los_task.o
    0x08002fb0   0x0000013c   Code   RO         3326    i.osTaskSwitchCheck  los_task.o
    0x080030ec   0x0000004c   Code   RO         3327    i.osTaskWait        los_task.o
    0x08003138   0x00000040   Code   RO         3328    i.osTaskWake        los_task.o
    0x08003178   0x00000028   Code   RO         3583    i.osTickHandler     los_tick.o
    0x080031a0   0x00000070   Code   RO         2899    i.osTickStart       los_hw_tick.o
    0x08003210   0x00000034   Code   RO         3329    i.osTimerListDelete  los_task.o
    0x08003244   0x00000038   Code   RO         3635    i.osTimesliceCheck  los_timeslice.o
    0x0800327c   0x00000010   Code   RO         3636    i.osTimesliceInit   los_timeslice.o
    0x0800328c   0x00000080   Code   RO         2806    i.osTskStackInit    los_hw.o
    0x0800330c   0x00000028   Code   RO           20    i.print_task        main.o
    0x08003334   0x00000010   Data   RO         2763    .constdata          system_stm32f1xx.o
    0x08003344   0x00000008   Data   RO         2764    .constdata          system_stm32f1xx.o
    0x0800334c   0x00000020   Data   RO         4927    Region$$Table       anon$$obj.o


    Execution Region RW_IRAM1 (Base: 0x20000000, Size: 0x00000710, Max: 0x00005000, ABSOLUTE)

    Base Addr    Size         Type   Attr      Idx    E Section Name        Object

    0x20000000   0x0000000c   Data   RW           21    .data               main.o
    0x2000000c   0x0000000c   Data   RW         1811    .data               stm32f1xx_hal.o
    0x20000018   0x00000004   Data   RW         2765    .data               system_stm32f1xx.o
    0x2000001c   0x00000008   Data   RW         2988    .data               los_priqueue.o
    0x20000024   0x0000001c   Data   RW         3089    .data               los_swtmr.o
    0x20000040   0x00000048   Data   RW         3332    .data               los_task.o
    0x20000088   0x00000004   Data   RW         3584    .data               los_tick.o
    0x2000008c   0x00000004   PAD
    0x20000090   0x00000010   Data   RW         3585    .data               los_tick.o
    0x200000a0   0x00000004   Data   RW         3588    .data               los_tick.o
    0x200000a4   0x00000008   Data   RW         3637    .data               los_timeslice.o
    0x200000ac   0x0000000c   Data   RW         3751    .data               los_mux.o
    0x200000b8   0x0000000c   Data   RW         3827    .data               los_queue.o
    0x200000c4   0x0000000c   Data   RW         3948    .data               los_sem.o
    0x200000d0   0x00000010   Data   RW         4023    .data               los_heap.o
    0x200000e0   0x00000004   Data   RW         4098    .data               los_memory.o
    0x200000e4   0x00000004   Data   RW         4569    .data               los_init.o
    0x200000e8   0x00000004   Data   RW         4909    .data               mc_w.l(stdout.o)
    0x200000ec   0x00000040   Zero   RW          284    .bss                usart.o
    0x2000012c   0x00000048   Zero   RW          420    .bss                stm32f1xx_hal_timebase_tim.o
    0x20000174   0x00000040   Zero   RW         3088    .bss                los_swtmr.o
    0x200001b4   0x00000156   Zero   RW         3330    .bss                los_task.o
    0x2000030a   0x00000006   PAD
    0x20000310   0x00000400   Zero   RW            1    STACK               startup_stm32f103xb.o


==============================================================================

Image component sizes


      Code (inc. data)   RO Data    RW Data    ZI Data      Debug   Object Name

       224         20          0          0          0        955   gpio.o
       204         24          0          0          0        400   los_dispatch_keil.o
       788         98          0         16          0       6736   los_heap.o
       200         18          0          0          0      13086   los_hw.o
       112         26          0          0          0      26029   los_hw_tick.o
        42          8          0          0          0       4524   los_hwi.o
       300        138          0          4          0       1740   los_init.o
       326         70          0          4          0       4994   los_memory.o
        20          0          0          0          0        572   los_misc.o
       102         14          0         12          0       2492   los_mux.o
       220         30          0          8          0      14566   los_priqueue.o
      1046         94          0         12          0      16729   los_queue.o
        98         12          0         12          0       2572   los_sem.o
       328          0          0          0          0       5840   los_slab.o
       294          0          0          0          0       3847   los_slabmem.o
       812         70          0         28         64      12887   los_swtmr.o
        12          4          0          0          0        463   los_sys.o
      2206        290          0         72        342      24344   los_task.o
        40          6          0         24          0        956   los_tick.o
        72         16          0          8          0       1169   los_timeslice.o
       516        192          0         12          0     441655   main.o
        36          8        236          0       1024        780   startup_stm32f103xb.o
        64         14          0         12          0       4502   stm32f1xx_hal.o
       158         14          0          0          0      28078   stm32f1xx_hal_cortex.o
       506         34          0          0          0       3409   stm32f1xx_hal_gpio.o
        60          8          0          0          0        826   stm32f1xx_hal_msp.o
      1336        110          0          0          0       5653   stm32f1xx_hal_rcc.o
       654         26          0          0          0       6784   stm32f1xx_hal_tim.o
         4          0          0          0          0       1477   stm32f1xx_hal_tim_ex.o
       116         16          0          0         72       1351   stm32f1xx_hal_timebase_tim.o
       282          6          0          0          0       1844   stm32f1xx_hal_uart.o
        26          6          0          0          0       3257   stm32f1xx_it.o
         2          0         24          4          0       1047   system_stm32f1xx.o
       168         20          0          0         64       1578   usart.o

    ----------------------------------------------------------------------
     11396       1392        292        232       1572     647142   Object Totals
         0          0         32          0          0          0   (incl. Generated)
        22          0          0          4          6          0   (incl. Padding)

    ----------------------------------------------------------------------

      Code (inc. data)   RO Data    RW Data    ZI Data      Debug   Library Member Name

         0          0          0          0          0          0   entry.o
         0          0          0          0          0          0   entry10a.o
         0          0          0          0          0          0   entry11a.o
         8          4          0          0          0          0   entry2.o
         4          0          0          0          0          0   entry5.o
         0          0          0          0          0          0   entry7b.o
         0          0          0          0          0          0   entry8b.o
         8          4          0          0          0          0   entry9a.o
        30          0          0          0          0          0   handlers.o
        36          8          0          0          0         68   init.o
        30          0          0          0          0         68   llshl.o
        32          0          0          0          0         68   llushr.o
        36          0          0          0          0         68   memcpya.o
        36          0          0          0          0        108   memseta.o
      1154         54          0          0          0        352   printf8.o
         0          0          0          4          0          0   stdout.o
        98          0          0          0          0         92   uldiv.o

    ----------------------------------------------------------------------
      1476         70          0          4          0        824   Library Totals
         4          0          0          0          0          0   (incl. Padding)

    ----------------------------------------------------------------------

      Code (inc. data)   RO Data    RW Data    ZI Data      Debug   Library Name

      1472         70          0          4          0        824   mc_w.l

    ----------------------------------------------------------------------
      1476         70          0          4          0        824   Library Totals

    ----------------------------------------------------------------------

==============================================================================


      Code (inc. data)   RO Data    RW Data    ZI Data      Debug   

     12872       1462        292        236       1572     641098   Grand Totals
     12872       1462        292        236       1572     641098   ELF Image Totals
     12872       1462        292        236          0          0   ROM Totals

==============================================================================

    Total RO  Size (Code + RO Data)                13164 (  12.86kB)
    Total RW  Size (RW Data + ZI Data)              1808 (   1.77kB)
    Total ROM Size (Code + RO Data + RW Data)      13400 (  13.09kB)

==============================================================================

